Component: ARM Compiler 5.06 update 5 (build 528) Tool: armlink [4d35e2]

==============================================================================

Section Cross References

    startup_stm32f10x_md.o(RESET) refers to startup_stm32f10x_md.o(STACK) for __initial_sp
    startup_stm32f10x_md.o(RESET) refers to startup_stm32f10x_md.o(.text) for Reset_Handler
    startup_stm32f10x_md.o(RESET) refers to stm32f10x_it.o(i.NMI_Handler) for NMI_Handler
    startup_stm32f10x_md.o(RESET) refers to stm32f10x_it.o(i.HardFault_Handler) for HardFault_Handler
    startup_stm32f10x_md.o(RESET) refers to stm32f10x_it.o(i.MemManage_Handler) for MemManage_Handler
    startup_stm32f10x_md.o(RESET) refers to stm32f10x_it.o(i.BusFault_Handler) for BusFault_Handler
    startup_stm32f10x_md.o(RESET) refers to stm32f10x_it.o(i.UsageFault_Handler) for UsageFault_Handler
    startup_stm32f10x_md.o(RESET) refers to stm32f10x_it.o(i.SVC_Handler) for SVC_Handler
    startup_stm32f10x_md.o(RESET) refers to stm32f10x_it.o(i.DebugMon_Handler) for DebugMon_Handler
    startup_stm32f10x_md.o(RESET) refers to stm32f10x_it.o(i.PendSV_Handler) for PendSV_Handler
    startup_stm32f10x_md.o(RESET) refers to stm32f10x_it.o(i.SysTick_Handler) for SysTick_Handler
    startup_stm32f10x_md.o(RESET) refers to lora.o(i.EXTI4_IRQHandler) for EXTI4_IRQHandler
    startup_stm32f10x_md.o(RESET) refers to time2.o(i.TIM2_IRQHandler) for TIM2_IRQHandler
    startup_stm32f10x_md.o(RESET) refers to time3.o(i.TIM3_IRQHandler) for TIM3_IRQHandler
    startup_stm32f10x_md.o(RESET) refers to my_usart1.o(i.USART1_IRQHandler) for USART1_IRQHandler
    startup_stm32f10x_md.o(RESET) refers to serial.o(i.USART2_IRQHandler) for USART2_IRQHandler
    startup_stm32f10x_md.o(RESET) refers to usart3.o(i.USART3_IRQHandler) for USART3_IRQHandler
    startup_stm32f10x_md.o(.text) refers to system_stm32f10x.o(i.SystemInit) for SystemInit
    startup_stm32f10x_md.o(.text) refers to entry.o(.ARM.Collect$$$$00000000) for __main
    system_stm32f10x.o(i.SetSysClock) refers to system_stm32f10x.o(i.SetSysClockTo72) for SetSysClockTo72
    system_stm32f10x.o(i.SystemCoreClockUpdate) refers to system_stm32f10x.o(.data) for SystemCoreClock
    system_stm32f10x.o(i.SystemInit) refers to system_stm32f10x.o(i.SetSysClock) for SetSysClock
    stm32f10x_adc.o(i.ADC_DeInit) refers to stm32f10x_rcc.o(i.RCC_APB2PeriphResetCmd) for RCC_APB2PeriphResetCmd
    stm32f10x_bkp.o(i.BKP_DeInit) refers to stm32f10x_rcc.o(i.RCC_BackupResetCmd) for RCC_BackupResetCmd
    stm32f10x_can.o(i.CAN_DeInit) refers to stm32f10x_rcc.o(i.RCC_APB1PeriphResetCmd) for RCC_APB1PeriphResetCmd
    stm32f10x_can.o(i.CAN_GetITStatus) refers to stm32f10x_can.o(i.CheckITStatus) for CheckITStatus
    stm32f10x_cec.o(i.CEC_DeInit) refers to stm32f10x_rcc.o(i.RCC_APB1PeriphResetCmd) for RCC_APB1PeriphResetCmd
    stm32f10x_dac.o(i.DAC_DeInit) refers to stm32f10x_rcc.o(i.RCC_APB1PeriphResetCmd) for RCC_APB1PeriphResetCmd
    stm32f10x_flash.o(i.FLASH_EnableWriteProtection) refers to stm32f10x_flash.o(i.FLASH_WaitForLastOperation) for FLASH_WaitForLastOperation
    stm32f10x_flash.o(i.FLASH_EraseAllBank1Pages) refers to stm32f10x_flash.o(i.FLASH_WaitForLastBank1Operation) for FLASH_WaitForLastBank1Operation
    stm32f10x_flash.o(i.FLASH_EraseAllPages) refers to stm32f10x_flash.o(i.FLASH_WaitForLastOperation) for FLASH_WaitForLastOperation
    stm32f10x_flash.o(i.FLASH_EraseOptionBytes) refers to stm32f10x_flash.o(i.FLASH_GetReadOutProtectionStatus) for FLASH_GetReadOutProtectionStatus
    stm32f10x_flash.o(i.FLASH_EraseOptionBytes) refers to stm32f10x_flash.o(i.FLASH_WaitForLastOperation) for FLASH_WaitForLastOperation
    stm32f10x_flash.o(i.FLASH_ErasePage) refers to stm32f10x_flash.o(i.FLASH_WaitForLastOperation) for FLASH_WaitForLastOperation
    stm32f10x_flash.o(i.FLASH_ProgramHalfWord) refers to stm32f10x_flash.o(i.FLASH_WaitForLastOperation) for FLASH_WaitForLastOperation
    stm32f10x_flash.o(i.FLASH_ProgramOptionByteData) refers to stm32f10x_flash.o(i.FLASH_WaitForLastOperation) for FLASH_WaitForLastOperation
    stm32f10x_flash.o(i.FLASH_ProgramWord) refers to stm32f10x_flash.o(i.FLASH_WaitForLastOperation) for FLASH_WaitForLastOperation
    stm32f10x_flash.o(i.FLASH_ReadOutProtection) refers to stm32f10x_flash.o(i.FLASH_WaitForLastOperation) for FLASH_WaitForLastOperation
    stm32f10x_flash.o(i.FLASH_UserOptionByteConfig) refers to stm32f10x_flash.o(i.FLASH_WaitForLastOperation) for FLASH_WaitForLastOperation
    stm32f10x_flash.o(i.FLASH_WaitForLastBank1Operation) refers to stm32f10x_flash.o(i.FLASH_GetBank1Status) for FLASH_GetBank1Status
    stm32f10x_flash.o(i.FLASH_WaitForLastOperation) refers to stm32f10x_flash.o(i.FLASH_GetBank1Status) for FLASH_GetBank1Status
    stm32f10x_gpio.o(i.GPIO_AFIODeInit) refers to stm32f10x_rcc.o(i.RCC_APB2PeriphResetCmd) for RCC_APB2PeriphResetCmd
    stm32f10x_gpio.o(i.GPIO_DeInit) refers to stm32f10x_rcc.o(i.RCC_APB2PeriphResetCmd) for RCC_APB2PeriphResetCmd
[...]
    Removing stm32f10x_fsmc.o(i.FSMC_GetFlagStatus), (56 bytes).
    Removing stm32f10x_fsmc.o(i.FSMC_GetITStatus), (68 bytes).
    Removing stm32f10x_fsmc.o(i.FSMC_ITConfig), (128 bytes).
    Removing stm32f10x_fsmc.o(i.FSMC_NANDCmd), (92 bytes).
    Removing stm32f10x_fsmc.o(i.FSMC_NANDDeInit), (68 bytes).
    Removing stm32f10x_fsmc.o(i.FSMC_NANDECCCmd), (92 bytes).
    Removing stm32f10x_fsmc.o(i.FSMC_NANDInit), (136 bytes).
    Removing stm32f10x_fsmc.o(i.FSMC_NANDStructInit), (54 bytes).
    Removing stm32f10x_fsmc.o(i.FSMC_NORSRAMCmd), (52 bytes).
    Removing stm32f10x_fsmc.o(i.FSMC_NORSRAMDeInit), (54 bytes).
    Removing stm32f10x_fsmc.o(i.FSMC_NORSRAMInit), (230 bytes).
    Removing stm32f10x_fsmc.o(i.FSMC_NORSRAMStructInit), (114 bytes).
    Removing stm32f10x_fsmc.o(i.FSMC_PCCARDCmd), (48 bytes).
    Removing stm32f10x_fsmc.o(i.FSMC_PCCARDDeInit), (40 bytes).
    Removing stm32f10x_fsmc.o(i.FSMC_PCCARDInit), (132 bytes).
    Removing stm32f10x_fsmc.o(i.FSMC_PCCARDStructInit), (60 bytes).
    Removing stm32f10x_gpio.o(i.GPIO_AFIODeInit), (20 bytes).
    Removing stm32f10x_gpio.o(i.GPIO_DeInit), (200 bytes).
    Removing stm32f10x_gpio.o(i.GPIO_ETH_MediaInterfaceConfig), (12 bytes).
    Removing stm32f10x_gpio.o(i.GPIO_EventOutputCmd), (12 bytes).
    Removing stm32f10x_gpio.o(i.GPIO_EventOutputConfig), (32 bytes).
    Removing stm32f10x_gpio.o(i.GPIO_PinLockConfig), (18 bytes).
    Removing stm32f10x_gpio.o(i.GPIO_ReadInputData), (8 bytes).
    Removing stm32f10x_gpio.o(i.GPIO_ReadInputDataBit), (18 bytes).
    Removing stm32f10x_gpio.o(i.GPIO_ReadOutputData), (8 bytes).
    Removing stm32f10x_gpio.o(i.GPIO_ReadOutputDataBit), (18 bytes).
    Removing stm32f10x_gpio.o(i.GPIO_ResetBits), (4 bytes).
    Removing stm32f10x_gpio.o(i.GPIO_SetBits), (4 bytes).
    Removing stm32f10x_gpio.o(i.GPIO_StructInit), (16 bytes).
    Removing stm32f10x_gpio.o(i.GPIO_Write), (4 bytes).
    Removing stm32f10x_i2c.o(i.I2C_ARPCmd), (24 bytes).
    Removing stm32f10x_i2c.o(i.I2C_AcknowledgeConfig), (24 bytes).
    Removing stm32f10x_i2c.o(i.I2C_CalculatePEC), (24 bytes).
    Removing stm32f10x_i2c.o(i.I2C_CheckEvent), (42 bytes).
    Removing stm32f10x_i2c.o(i.I2C_ClearFlag), (12 bytes).
    Removing stm32f10x_i2c.o(i.I2C_ClearITPendingBit), (12 bytes).
    Removing stm32f10x_i2c.o(i.I2C_Cmd), (24 bytes).
    Removing stm32f10x_i2c.o(i.I2C_DMACmd), (24 bytes).
    Removing stm32f10x_i2c.o(i.I2C_DMALastTransferCmd), (24 bytes).
    Removing stm32f10x_i2c.o(i.I2C_DeInit), (56 bytes).
    Removing stm32f10x_i2c.o(i.I2C_DualAddressCmd), (24 bytes).
    Removing stm32f10x_i2c.o(i.I2C_FastModeDutyCycleConfig), (28 bytes).
    Removing stm32f10x_i2c.o(i.I2C_GeneralCallCmd), (24 bytes).
    Removing stm32f10x_i2c.o(i.I2C_GenerateSTART), (24 bytes).
    Removing stm32f10x_i2c.o(i.I2C_GenerateSTOP), (24 bytes).
    Removing stm32f10x_i2c.o(i.I2C_GetFlagStatus), (58 bytes).
    Removing stm32f10x_i2c.o(i.I2C_GetITStatus), (38 bytes).
    Removing stm32f10x_i2c.o(i.I2C_GetLastEvent), (26 bytes).
    Removing stm32f10x_i2c.o(i.I2C_GetPEC), (8 bytes).
    Removing stm32f10x_i2c.o(i.I2C_ITConfig), (18 bytes).
    Removing stm32f10x_i2c.o(i.I2C_Init), (236 bytes).
    Removing stm32f10x_i2c.o(i.I2C_NACKPositionConfig), (28 bytes).
    Removing stm32f10x_i2c.o(i.I2C_OwnAddress2Config), (22 bytes).
    Removing stm32f10x_i2c.o(i.I2C_PECPositionConfig), (28 bytes).
    Removing stm32f10x_i2c.o(i.I2C_ReadRegister), (22 bytes).
    Removing stm32f10x_i2c.o(i.I2C_ReceiveData), (8 bytes).
    Removing stm32f10x_i2c.o(i.I2C_SMBusAlertConfig), (28 bytes).
    Removing stm32f10x_i2c.o(i.I2C_Send7bitAddress), (18 bytes).
    Removing stm32f10x_i2c.o(i.I2C_SendData), (4 bytes).
    Removing stm32f10x_i2c.o(i.I2C_SoftwareResetCmd), (22 bytes).
    Removing stm32f10x_i2c.o(i.I2C_StretchClockCmd), (24 bytes).
    Removing stm32f10x_i2c.o(i.I2C_StructInit), (30 bytes).
    Removing stm32f10x_i2c.o(i.I2C_TransmitPEC), (24 bytes).
    Removing stm32f10x_iwdg.o(i.IWDG_Enable), (16 bytes).
    Removing stm32f10x_iwdg.o(i.IWDG_GetFlagStatus), (24 bytes).
    Removing stm32f10x_iwdg.o(i.IWDG_ReloadCounter), (16 bytes).
    Removing stm32f10x_iwdg.o(i.IWDG_SetPrescaler), (12 bytes).
    Removing stm32f10x_iwdg.o(i.IWDG_SetReload), (12 bytes).
    Removing stm32f10x_iwdg.o(i.IWDG_WriteAccessCmd), (12 bytes).
    Removing stm32f10x_pwr.o(i.PWR_BackupAccessCmd), (12 bytes).
    Removing stm32f10x_pwr.o(i.PWR_ClearFlag), (20 bytes).
    Removing stm32f10x_pwr.o(i.PWR_DeInit), (22 bytes).
    Removing stm32f10x_pwr.o(i.PWR_EnterSTANDBYMode), (52 bytes).
    Removing stm32f10x_pwr.o(i.PWR_EnterSTOPMode), (64 bytes).
    Removing stm32f10x_pwr.o(i.PWR_GetFlagStatus), (24 bytes).
    Removing stm32f10x_pwr.o(i.PWR_PVDCmd), (12 bytes).
    Removing stm32f10x_pwr.o(i.PWR_PVDLevelConfig), (24 bytes).
    Removing stm32f10x_pwr.o(i.PWR_WakeUpPinCmd), (12 bytes).
    Removing stm32f10x_rcc.o(i.RCC_ADCCLKConfig), (24 bytes).
    Removing stm32f10x_rcc.o(i.RCC_AHBPeriphClockCmd), (32 bytes).
    Removing stm32f10x_rcc.o(i.RCC_AdjustHSICalibrationValue), (24 bytes).
    Removing stm32f10x_rcc.o(i.RCC_BackupResetCmd), (12 bytes).
    Removing stm32f10x_rcc.o(i.RCC_ClearFlag), (20 bytes).
    Removing stm32f10x_rcc.o(i.RCC_ClearITPendingBit), (12 bytes).
    Removing stm32f10x_rcc.o(i.RCC_ClockSecuritySystemCmd), (12 bytes).
    Removing stm32f10x_rcc.o(i.RCC_DeInit), (76 bytes).
    Removing stm32f10x_rcc.o(i.RCC_GetFlagStatus), (60 bytes).
    Removing stm32f10x_rcc.o(i.RCC_GetITStatus), (24 bytes).
    Removing stm32f10x_rcc.o(i.RCC_GetSYSCLKSource), (16 bytes).
    Removing stm32f10x_rcc.o(i.RCC_HCLKConfig), (24 bytes).
    Removing stm32f10x_rcc.o(i.RCC_HSEConfig), (76 bytes).
    Removing stm32f10x_rcc.o(i.RCC_HSICmd), (12 bytes).
    Removing stm32f10x_rcc.o(i.RCC_ITConfig), (32 bytes).
    Removing stm32f10x_rcc.o(i.RCC_LSEConfig), (52 bytes).
    Removing stm32f10x_rcc.o(i.RCC_LSICmd), (12 bytes).
    Removing stm32f10x_rcc.o(i.RCC_MCOConfig), (12 bytes).
    Removing stm32f10x_rcc.o(i.RCC_PCLK1Config), (24 bytes).
    Removing stm32f10x_rcc.o(i.RCC_PCLK2Config), (24 bytes).
    Removing stm32f10x_rcc.o(i.RCC_PLLCmd), (12 bytes).
    Removing stm32f10x_rcc.o(i.RCC_PLLConfig), (28 bytes).
    Removing stm32f10x_rcc.o(i.RCC_RTCCLKCmd), (12 bytes).
    Removing stm32f10x_rcc.o(i.RCC_RTCCLKConfig), (16 bytes).
    Removing stm32f10x_rcc.o(i.RCC_SYSCLKConfig), (24 bytes).
    Removing stm32f10x_rcc.o(i.RCC_USBCLKConfig), (12 bytes).
    Removing stm32f10x_rcc.o(i.RCC_WaitForHSEStartUp), (56 bytes).
    Removing stm32f10x_rtc.o(i.RTC_ClearFlag), (16 bytes).
    Removing stm32f10x_rtc.o(i.RTC_ClearITPendingBit), (16 bytes).
    Removing stm32f10x_rtc.o(i.RTC_EnterConfigMode), (20 bytes).
    Removing stm32f10x_rtc.o(i.RTC_ExitConfigMode), (20 bytes).
    Removing stm32f10x_rtc.o(i.RTC_GetCounter), (20 bytes).
    Removing stm32f10x_rtc.o(i.RTC_GetDivider), (24 bytes).
    Removing stm32f10x_rtc.o(i.RTC_GetFlagStatus), (24 bytes).
    Removing stm32f10x_rtc.o(i.RTC_GetITStatus), (36 bytes).
    Removing stm32f10x_rtc.o(i.RTC_ITConfig), (32 bytes).
    Removing stm32f10x_rtc.o(i.RTC_SetAlarm), (28 bytes).
    Removing stm32f10x_rtc.o(i.RTC_SetCounter), (28 bytes).
    Removing stm32f10x_rtc.o(i.RTC_SetPrescaler), (32 bytes).
    Removing stm32f10x_rtc.o(i.RTC_WaitForLastTask), (20 bytes).
    Removing stm32f10x_rtc.o(i.RTC_WaitForSynchro), (36 bytes).
    Removing stm32f10x_sdio.o(i.SDIO_CEATAITCmd), (16 bytes).
    Removing stm32f10x_sdio.o(i.SDIO_ClearFlag), (12 bytes).
    Removing stm32f10x_sdio.o(i.SDIO_ClearITPendingBit), (12 bytes).
    Removing stm32f10x_sdio.o(i.SDIO_ClockCmd), (12 bytes).
    Removing stm32f10x_sdio.o(i.SDIO_CmdStructInit), (14 bytes).
    Removing stm32f10x_sdio.o(i.SDIO_CommandCompletionCmd), (12 bytes).
    Removing stm32f10x_sdio.o(i.SDIO_DMACmd), (12 bytes).
    Removing stm32f10x_sdio.o(i.SDIO_DataConfig), (48 bytes).
    Removing stm32f10x_sdio.o(i.SDIO_DataStructInit), (20 bytes).
    Removing stm32f10x_sdio.o(i.SDIO_DeInit), (36 bytes).
    Removing stm32f10x_sdio.o(i.SDIO_GetCommandResponse), (12 bytes).
    Removing stm32f10x_sdio.o(i.SDIO_GetDataCounter), (12 bytes).
    Removing stm32f10x_sdio.o(i.SDIO_GetFIFOCount), (12 bytes).
    Removing stm32f10x_sdio.o(i.SDIO_GetFlagStatus), (24 bytes).
    Removing stm32f10x_sdio.o(i.SDIO_GetITStatus), (24 bytes).
    Removing stm32f10x_sdio.o(i.SDIO_GetPowerState), (16 bytes).
    Removing stm32f10x_sdio.o(i.SDIO_GetResponse), (24 bytes).
    Removing stm32f10x_sdio.o(i.SDIO_ITConfig), (32 bytes).
    Removing stm32f10x_sdio.o(i.SDIO_Init), (48 bytes).
    Removing stm32f10x_sdio.o(i.SDIO_ReadData), (12 bytes).
    Removing stm32f10x_sdio.o(i.SDIO_SendCEATACmd), (12 bytes).
    Removing stm32f10x_sdio.o(i.SDIO_SendCommand), (44 bytes).
    Removing stm32f10x_sdio.o(i.SDIO_SendSDIOSuspendCmd), (12 bytes).
    Removing stm32f10x_sdio.o(i.SDIO_SetPowerState), (28 bytes).
    Removing stm32f10x_sdio.o(i.SDIO_SetSDIOOperation), (12 bytes).
    Removing stm32f10x_sdio.o(i.SDIO_SetSDIOReadWaitMode), (12 bytes).
    Removing stm32f10x_sdio.o(i.SDIO_StartSDIOReadWait), (12 bytes).
    Removing stm32f10x_sdio.o(i.SDIO_StopSDIOReadWait), (12 bytes).
    Removing stm32f10x_sdio.o(i.SDIO_StructInit), (16 bytes).
    Removing stm32f10x_sdio.o(i.SDIO_WriteData), (12 bytes).
    Removing stm32f10x_spi.o(i.I2S_Cmd), (24 bytes).
    Removing stm32f10x_spi.o(i.I2S_Init), (232 bytes).
    Removing stm32f10x_spi.o(i.I2S_StructInit), (20 bytes).
    Removing stm32f10x_spi.o(i.SPI_BiDirectionalLineConfig), (28 bytes).
    Removing stm32f10x_spi.o(i.SPI_CalculateCRC), (24 bytes).
    Removing stm32f10x_spi.o(i.SPI_Cmd), (24 bytes).
    Removing stm32f10x_spi.o(i.SPI_DataSizeConfig), (18 bytes).
    Removing stm32f10x_spi.o(i.SPI_GetCRC), (16 bytes).
    Removing stm32f10x_spi.o(i.SPI_GetCRCPolynomial), (6 bytes).
    Removing stm32f10x_spi.o(i.SPI_I2S_ClearFlag), (6 bytes).
    Removing stm32f10x_spi.o(i.SPI_I2S_ClearITPendingBit), (20 bytes).
    Removing stm32f10x_spi.o(i.SPI_I2S_DMACmd), (18 bytes).
    Removing stm32f10x_spi.o(i.SPI_I2S_DeInit), (88 bytes).
    Removing stm32f10x_spi.o(i.SPI_I2S_GetFlagStatus), (18 bytes).
    Removing stm32f10x_spi.o(i.SPI_I2S_GetITStatus), (52 bytes).
    Removing stm32f10x_spi.o(i.SPI_I2S_ITConfig), (32 bytes).
    Removing stm32f10x_spi.o(i.SPI_I2S_ReceiveData), (6 bytes).
    Removing stm32f10x_spi.o(i.SPI_I2S_SendData), (4 bytes).
    Removing stm32f10x_spi.o(i.SPI_Init), (60 bytes).
    Removing stm32f10x_spi.o(i.SPI_NSSInternalSoftwareConfig), (30 bytes).
    Removing stm32f10x_spi.o(i.SPI_SSOutputCmd), (24 bytes).
    Removing stm32f10x_spi.o(i.SPI_StructInit), (24 bytes).
    Removing stm32f10x_spi.o(i.SPI_TransmitCRC), (10 bytes).
    Removing stm32f10x_tim.o(i.TI1_Config), (128 bytes).
    Removing stm32f10x_tim.o(i.TI2_Config), (152 bytes).
    Removing stm32f10x_tim.o(i.TI3_Config), (144 bytes).
    Removing stm32f10x_tim.o(i.TI4_Config), (152 bytes).
    Removing stm32f10x_tim.o(i.TIM_ARRPreloadConfig), (24 bytes).
    Removing stm32f10x_tim.o(i.TIM_BDTRConfig), (32 bytes).
    Removing stm32f10x_tim.o(i.TIM_BDTRStructInit), (18 bytes).
    Removing stm32f10x_tim.o(i.TIM_CCPreloadControl), (24 bytes).
    Removing stm32f10x_tim.o(i.TIM_CCxCmd), (30 bytes).
    Removing stm32f10x_tim.o(i.TIM_CCxNCmd), (30 bytes).
    Removing stm32f10x_tim.o(i.TIM_ClearFlag), (6 bytes).
    Removing stm32f10x_tim.o(i.TIM_ClearOC1Ref), (18 bytes).
    Removing stm32f10x_tim.o(i.TIM_ClearOC2Ref), (24 bytes).
    Removing stm32f10x_tim.o(i.TIM_ClearOC3Ref), (18 bytes).
    Removing stm32f10x_tim.o(i.TIM_ClearOC4Ref), (24 bytes).
    Removing stm32f10x_tim.o(i.TIM_CounterModeConfig), (18 bytes).
    Removing stm32f10x_tim.o(i.TIM_CtrlPWMOutputs), (30 bytes).
    Removing stm32f10x_tim.o(i.TIM_DMACmd), (18 bytes).
    Removing stm32f10x_tim.o(i.TIM_DMAConfig), (10 bytes).
    Removing stm32f10x_tim.o(i.TIM_DeInit), (488 bytes).
    Removing stm32f10x_tim.o(i.TIM_ETRClockMode1Config), (54 bytes).
    Removing stm32f10x_tim.o(i.TIM_ETRClockMode2Config), (32 bytes).
    Removing stm32f10x_tim.o(i.TIM_ETRConfig), (28 bytes).
    Removing stm32f10x_tim.o(i.TIM_EncoderInterfaceConfig), (66 bytes).
    Removing stm32f10x_tim.o(i.TIM_ForcedOC1Config), (18 bytes).
    Removing stm32f10x_tim.o(i.TIM_ForcedOC2Config), (26 bytes).
    Removing stm32f10x_tim.o(i.TIM_ForcedOC3Config), (18 bytes).
    Removing stm32f10x_tim.o(i.TIM_ForcedOC4Config), (26 bytes).
    Removing stm32f10x_tim.o(i.TIM_GenerateEvent), (4 bytes).
    Removing stm32f10x_tim.o(i.TIM_GetCapture1), (6 bytes).
    Removing stm32f10x_tim.o(i.TIM_GetCapture2), (6 bytes).
    Removing stm32f10x_tim.o(i.TIM_GetCapture3), (6 bytes).
    Removing stm32f10x_tim.o(i.TIM_GetCapture4), (8 bytes).
    Removing stm32f10x_tim.o(i.TIM_GetCounter), (6 bytes).
    Removing stm32f10x_tim.o(i.TIM_GetFlagStatus), (18 bytes).
    Removing stm32f10x_tim.o(i.TIM_GetPrescaler), (6 bytes).
    Removing stm32f10x_tim.o(i.TIM_ICInit), (172 bytes).
    Removing stm32f10x_tim.o(i.TIM_ICStructInit), (18 bytes).
    Removing stm32f10x_tim.o(i.TIM_ITRxExternalClockConfig), (24 bytes).
    Removing stm32f10x_tim.o(i.TIM_InternalClockConfig), (12 bytes).
    Removing stm32f10x_tim.o(i.TIM_OC1FastConfig), (18 bytes).
    Removing stm32f10x_tim.o(i.TIM_OC1Init), (152 bytes).
    Removing stm32f10x_tim.o(i.TIM_OC1NPolarityConfig), (18 bytes).
    Removing stm32f10x_tim.o(i.TIM_OC1PolarityConfig), (18 bytes).
    Removing stm32f10x_tim.o(i.TIM_OC1PreloadConfig), (18 bytes).
    Removing stm32f10x_tim.o(i.TIM_OC2FastConfig), (26 bytes).
    Removing stm32f10x_tim.o(i.TIM_OC2Init), (164 bytes).
    Removing stm32f10x_tim.o(i.TIM_OC2NPolarityConfig), (26 bytes).
    Removing stm32f10x_tim.o(i.TIM_OC2PolarityConfig), (26 bytes).
    Removing stm32f10x_tim.o(i.TIM_OC2PreloadConfig), (26 bytes).
    Removing stm32f10x_tim.o(i.TIM_OC3FastConfig), (18 bytes).
    Removing stm32f10x_tim.o(i.TIM_OC3Init), (160 bytes).
    Removing stm32f10x_tim.o(i.TIM_OC3NPolarityConfig), (26 bytes).
    Removing stm32f10x_tim.o(i.TIM_OC3PolarityConfig), (26 bytes).
    Removing stm32f10x_tim.o(i.TIM_OC3PreloadConfig), (18 bytes).
    Removing stm32f10x_tim.o(i.TIM_OC4FastConfig), (26 bytes).
    Removing stm32f10x_tim.o(i.TIM_OC4Init), (124 bytes).
    Removing stm32f10x_tim.o(i.TIM_OC4PolarityConfig), (26 bytes).
    Removing stm32f10x_tim.o(i.TIM_OC4PreloadConfig), (26 bytes).
    Removing stm32f10x_tim.o(i.TIM_OCStructInit), (20 bytes).
    Removing stm32f10x_tim.o(i.TIM_PWMIConfig), (124 bytes).
    Removing stm32f10x_tim.o(i.TIM_PrescalerConfig), (6 bytes).
    Removing stm32f10x_tim.o(i.TIM_SelectCCDMA), (24 bytes).
    Removing stm32f10x_tim.o(i.TIM_SelectCOM), (24 bytes).
    Removing stm32f10x_tim.o(i.TIM_SelectHallSensor), (24 bytes).
    Removing stm32f10x_tim.o(i.TIM_SelectInputTrigger), (18 bytes).
    Removing stm32f10x_tim.o(i.TIM_SelectMasterSlaveMode), (18 bytes).
    Removing stm32f10x_tim.o(i.TIM_SelectOCxM), (82 bytes).
    Removing stm32f10x_tim.o(i.TIM_SelectOnePulseMode), (18 bytes).
    Removing stm32f10x_tim.o(i.TIM_SelectOutputTrigger), (18 bytes).
    Removing stm32f10x_tim.o(i.TIM_SelectSlaveMode), (18 bytes).
    Removing stm32f10x_tim.o(i.TIM_SetAutoreload), (4 bytes).
    Removing stm32f10x_tim.o(i.TIM_SetClockDivision), (18 bytes).
    Removing stm32f10x_tim.o(i.TIM_SetCompare1), (4 bytes).
    Removing stm32f10x_tim.o(i.TIM_SetCompare2), (4 bytes).
    Removing stm32f10x_tim.o(i.TIM_SetCompare3), (4 bytes).
    Removing stm32f10x_tim.o(i.TIM_SetCompare4), (6 bytes).
    Removing stm32f10x_tim.o(i.TIM_SetIC1Prescaler), (18 bytes).
    Removing stm32f10x_tim.o(i.TIM_SetIC2Prescaler), (26 bytes).
    Removing stm32f10x_tim.o(i.TIM_SetIC3Prescaler), (18 bytes).
    Removing stm32f10x_tim.o(i.TIM_SetIC4Prescaler), (26 bytes).
    Removing stm32f10x_tim.o(i.TIM_TIxExternalClockConfig), (62 bytes).
    Removing stm32f10x_tim.o(i.TIM_TimeBaseStructInit), (18 bytes).
    Removing stm32f10x_tim.o(i.TIM_UpdateDisableConfig), (24 bytes).
    Removing stm32f10x_tim.o(i.TIM_UpdateRequestConfig), (24 bytes).
    Removing stm32f10x_usart.o(i.USART_ClearFlag), (18 bytes).
    Removing stm32f10x_usart.o(i.USART_ClockInit), (34 bytes).
    Removing stm32f10x_usart.o(i.USART_ClockStructInit), (12 bytes).
    Removing stm32f10x_usart.o(i.USART_DMACmd), (18 bytes).
    Removing stm32f10x_usart.o(i.USART_HalfDuplexCmd), (24 bytes).
    Removing stm32f10x_usart.o(i.USART_IrDACmd), (24 bytes).
    Removing stm32f10x_usart.o(i.USART_IrDAConfig), (18 bytes).
    Removing stm32f10x_usart.o(i.USART_LINBreakDetectLengthConfig), (18 bytes).
    Removing stm32f10x_usart.o(i.USART_LINCmd), (24 bytes).
    Removing stm32f10x_usart.o(i.USART_OneBitMethodCmd), (24 bytes).
    Removing stm32f10x_usart.o(i.USART_OverSampling8Cmd), (22 bytes).
    Removing stm32f10x_usart.o(i.USART_ReceiverWakeUpCmd), (24 bytes).
    Removing stm32f10x_usart.o(i.USART_SendBreak), (10 bytes).
    Removing stm32f10x_usart.o(i.USART_SetAddress), (18 bytes).
    Removing stm32f10x_usart.o(i.USART_SetGuardTime), (16 bytes).
    Removing stm32f10x_usart.o(i.USART_SetPrescaler), (16 bytes).
    Removing stm32f10x_usart.o(i.USART_SmartCardCmd), (24 bytes).
    Removing stm32f10x_usart.o(i.USART_SmartCardNACKCmd), (24 bytes).
    Removing stm32f10x_usart.o(i.USART_StructInit), (24 bytes).
    Removing stm32f10x_usart.o(i.USART_WakeUpConfig), (18 bytes).
    Removing stm32f10x_wwdg.o(i.WWDG_ClearFlag), (12 bytes).
    Removing stm32f10x_wwdg.o(i.WWDG_DeInit), (22 bytes).
    Removing stm32f10x_wwdg.o(i.WWDG_Enable), (16 bytes).
    Removing stm32f10x_wwdg.o(i.WWDG_EnableIT), (12 bytes).
    Removing stm32f10x_wwdg.o(i.WWDG_GetFlagStatus), (12 bytes).
    Removing stm32f10x_wwdg.o(i.WWDG_SetCounter), (16 bytes).
    Removing stm32f10x_wwdg.o(i.WWDG_SetPrescaler), (24 bytes).
    Removing stm32f10x_wwdg.o(i.WWDG_SetWindowValue), (40 bytes).
    Removing led.o(i.LED_Change), (2 bytes).
    Removing led.o(i.LED_NO), (20 bytes).
    Removing led.o(i.LED_OFF), (20 bytes).
    Removing lora.o(i.LoRa_SendData), (44 bytes).
    Removing oled.o(i.OLED_ShowBinNum), (62 bytes).
    Removing oled.o(i.OLED_ShowHexNum), (84 bytes).
    Removing oled.o(i.OLED_ShowSignedNum), (102 bytes).
    Removing oled.o(i.OLED_ShowString), (40 bytes).
    Removing time2.o(i.TIM2_Init), (90 bytes).
    Removing my_usart1.o(i.USART_ReceiveByte), (32 bytes).
    Removing my_usart1.o(i.USART_SendString), (40 bytes).
    Removing my_usart1.o(i.fgetc), (32 bytes).
    Removing delay.o(i.Delay_s), (24 bytes).
    Removing serial.o(i.Serial_Pow), (20 bytes).
    Removing serial.o(i.Serial_SendArray), (26 bytes).
    Removing serial.o(i.Serial_SendByte), (32 bytes).
    Removing serial.o(i.Serial_SendNumber), (58 bytes).
    Removing serial.o(i.Serial_SendString), (26 bytes).

465 unused section(s) (total 18612 bytes) removed from the image.

==============================================================================

Image Symbol Table

    Local Symbols

    Symbol Name                              Value     Ov Type        Size  Object(Section)

    ../clib/microlib/ctype/ctype.c           0x00000000   Number         0  ctype_c.o ABSOLUTE
    ../clib/microlib/ctype/ctype.c           0x00000000   Number         0  isspace_c.o ABSOLUTE
    ../clib/microlib/division.c              0x00000000   Number         0  uidiv.o ABSOLUTE
    ../clib/microlib/division.c              0x00000000   Number         0  uldiv.o ABSOLUTE
    ../clib/microlib/init/entry.s            0x00000000   Number         0  entry5.o ABSOLUTE
    ../clib/microlib/init/entry.s            0x00000000   Number         0  entry8a.o ABSOLUTE
    ../clib/microlib/init/entry.s            0x00000000   Number         0  entry11b.o ABSOLUTE
    ../clib/microlib/init/entry.s            0x00000000   Number         0  entry8b.o ABSOLUTE
    ../clib/microlib/init/entry.s            0x00000000   Number         0  entry10a.o ABSOLUTE
    ../clib/microlib/init/entry.s            0x00000000   Number         0  entry11a.o ABSOLUTE
    ../clib/microlib/init/entry.s            0x00000000   Number         0  entry10b.o ABSOLUTE
    ../clib/microlib/init/entry.s            0x00000000   Number         0  entry2.o ABSOLUTE
    ../clib/microlib/init/entry.s            0x00000000   Number         0  entry7a.o ABSOLUTE
    ../clib/microlib/init/entry.s            0x00000000   Number         0  entry9a.o ABSOLUTE
    ../clib/microlib/init/entry.s            0x00000000   Number         0  entry.o ABSOLUTE
    ../clib/microlib/init/entry.s            0x00000000   Number         0  entry9b.o ABSOLUTE
    ../clib/microlib/init/entry.s            0x00000000   Number         0  entry7b.o ABSOLUTE
    ../clib/microlib/longlong.c              0x00000000   Number         0  llsshr.o ABSOLUTE
    ../clib/microlib/longlong.c              0x00000000   Number         0  llushr.o ABSOLUTE
    ../clib/microlib/longlong.c              0x00000000   Number         0  llshl.o ABSOLUTE
    ../clib/microlib/printf/printf.c         0x00000000   Number         0  printf3.o ABSOLUTE
    ../clib/microlib/printf/printf.c         0x00000000   Number         0  printf4.o ABSOLUTE
    ../clib/microlib/printf/printf.c         0x00000000   Number         0  printf5.o ABSOLUTE
    ../clib/microlib/printf/printf.c         0x00000000   Number         0  printf6.o ABSOLUTE
    ../clib/microlib/printf/printf.c         0x00000000   Number         0  printf7.o ABSOLUTE
    ../clib/microlib/printf/printf.c         0x00000000   Number         0  printf8.o ABSOLUTE
    ../clib/microlib/printf/printf.c         0x00000000   Number         0  printfa.o ABSOLUTE
    ../clib/microlib/printf/printf.c         0x00000000   Number         0  printf0.o ABSOLUTE
    ../clib/microlib/printf/printf.c         0x00000000   Number         0  printf1.o ABSOLUTE
    ../clib/microlib/printf/printf.c         0x00000000   Number         0  printfb.o ABSOLUTE
    ../clib/microlib/printf/printf.c         0x00000000   Number         0  printf2.o ABSOLUTE
    ../clib/microlib/printf/stubs.s          0x00000000   Number         0  stubs.o ABSOLUTE
    ../clib/microlib/stdio/streams.c         0x00000000   Number         0  stdout.o ABSOLUTE
    ../clib/microlib/string/memset.c         0x00000000   Number         0  memseta.o ABSOLUTE
    ../clib/microlib/string/strlen.c         0x00000000   Number         0  strlen.o ABSOLUTE
    ../clib/microlib/string/strstr.c         0x00000000   Number         0  strstr.o ABSOLUTE
    ../clib/microlib/string/strtok.c         0x00000000   Number         0  strtok.o ABSOLUTE
    ../clib/microlib/string/strtok.c         0x00000000   Number         0  strtok_r.o ABSOLUTE
    ../clib/microlib/stubs.s                 0x00000000   Number         0  iusefp.o ABSOLUTE
    ../clib/scanf.c                          0x00000000   Number         0  _chval.o ABSOLUTE
    ../clib/scanf.c                          0x00000000   Number         0  _sgetc.o ABSOLUTE
    ../clib/scanf.c                          0x00000000   Number         0  scanf_char.o ABSOLUTE
    ../clib/scanf.c                          0x00000000   Number         0  _scanf_int.o ABSOLUTE
    ../clib/scanf.c                          0x00000000   Number         0  _scanf_str.o ABSOLUTE
    ../clib/scanf.c                          0x00000000   Number         0  _scanf.o ABSOLUTE
    ../clib/scanf.c                          0x00000000   Number         0  __0sscanf.o ABSOLUTE
    ../fplib/microlib/fpadd.c                0x00000000   Number         0  dadd.o ABSOLUTE
    ../fplib/microlib/fpdiv.c                0x00000000   Number         0  ddiv.o ABSOLUTE
    ../fplib/microlib/fpepilogue.c           0x00000000   Number         0  depilogue.o ABSOLUTE
    ../fplib/microlib/fpfix.c                0x00000000   Number         0  dfixul.o ABSOLUTE
    ../fplib/microlib/fpmul.c                0x00000000   Number         0  dmul.o ABSOLUTE
    ..\Libraries\CMSIS\core_cm3.c            0x00000000   Number         0  core_cm3.o ABSOLUTE
    ..\Libraries\CMSIS\startup\arm\startup_stm32f10x_md.s 0x00000000   Number         0  startup_stm32f10x_md.o ABSOLUTE
    ..\Libraries\CMSIS\system_stm32f10x.c    0x00000000   Number         0  system_stm32f10x.o ABSOLUTE
    ..\Libraries\src\misc.c                  0x00000000   Number         0  misc.o ABSOLUTE
    ..\Libraries\src\stm32f10x_adc.c         0x00000000   Number         0  stm32f10x_adc.o ABSOLUTE
    ..\Libraries\src\stm32f10x_bkp.c         0x00000000   Number         0  stm32f10x_bkp.o ABSOLUTE
    ..\Libraries\src\stm32f10x_can.c         0x00000000   Number         0  stm32f10x_can.o ABSOLUTE
    ..\Libraries\src\stm32f10x_cec.c         0x00000000   Number         0  stm32f10x_cec.o ABSOLUTE
    ..\Libraries\src\stm32f10x_crc.c         0x00000000   Number         0  stm32f10x_crc.o ABSOLUTE
    ..\Libraries\src\stm32f10x_dac.c         0x00000000   Number         0  stm32f10x_dac.o ABSOLUTE
    ..\Libraries\src\stm32f10x_dbgmcu.c      0x00000000   Number         0  stm32f10x_dbgmcu.o ABSOLUTE
    ..\Libraries\src\stm32f10x_dma.c         0x00000000   Number         0  stm32f10x_dma.o ABSOLUTE
    ..\Libraries\src\stm32f10x_exti.c        0x00000000   Number         0  stm32f10x_exti.o ABSOLUTE
    ..\Libraries\src\stm32f10x_flash.c       0x00000000   Number         0  stm32f10x_flash.o ABSOLUTE
    ..\Libraries\src\stm32f10x_fsmc.c        0x00000000   Number         0  stm32f10x_fsmc.o ABSOLUTE
    ..\Libraries\src\stm32f10x_gpio.c        0x00000000   Number         0  stm32f10x_gpio.o ABSOLUTE
    ..\Libraries\src\stm32f10x_i2c.c         0x00000000   Number         0  stm32f10x_i2c.o ABSOLUTE
    ..\Libraries\src\stm32f10x_iwdg.c        0x00000000   Number         0  stm32f10x_iwdg.o ABSOLUTE
    ..\Libraries\src\stm32f10x_pwr.c         0x00000000   Number         0  stm32f10x_pwr.o ABSOLUTE
    ..\Libraries\src\stm32f10x_rcc.c         0x00000000   Number         0  stm32f10x_rcc.o ABSOLUTE
    ..\Libraries\src\stm32f10x_rtc.c         0x00000000   Number         0  stm32f10x_rtc.o ABSOLUTE
    ..\Libraries\src\stm32f10x_sdio.c        0x00000000   Number         0  stm32f10x_sdio.o ABSOLUTE
    ..\Libraries\src\stm32f10x_spi.c         0x00000000   Number         0  stm32f10x_spi.o ABSOLUTE
    ..\Libraries\src\stm32f10x_tim.c         0x00000000   Number         0  stm32f10x_tim.o ABSOLUTE
    ..\Libraries\src\stm32f10x_usart.c       0x00000000   Number         0  stm32f10x_usart.o ABSOLUTE
    ..\Libraries\src\stm32f10x_wwdg.c        0x00000000   Number         0  stm32f10x_wwdg.o ABSOLUTE
    ..\SYS\Serial.c                          0x00000000   Number         0  serial.o ABSOLUTE
    ..\SYS\delay.c                           0x00000000   Number         0  delay.o ABSOLUTE
    ..\SYS\my_usart1.c                       0x00000000   Number         0  my_usart1.o ABSOLUTE
    ..\SYS\sys.c                             0x00000000   Number         0  sys.o ABSOLUTE
    ..\SYS\time2.c                           0x00000000   Number         0  time2.o ABSOLUTE
    ..\SYS\time3.c                           0x00000000   Number         0  time3.o ABSOLUTE
    ..\SYS\usart3.c                          0x00000000   Number         0  usart3.o ABSOLUTE
    ..\User\APP.c                            0x00000000   Number         0  app.o ABSOLUTE
    ..\User\led.c                            0x00000000   Number         0  led.o ABSOLUTE
    ..\User\lora.c                           0x00000000   Number         0  lora.o ABSOLUTE
    ..\User\main.c                           0x00000000   Number         0  main.o ABSOLUTE
    ..\User\oled.c                           0x00000000   Number         0  oled.o ABSOLUTE
    ..\User\stm32f10x_it.c                   0x00000000   Number         0  stm32f10x_it.o ABSOLUTE
    ..\\Libraries\\CMSIS\\core_cm3.c         0x00000000   Number         0  core_cm3.o ABSOLUTE
    cdrcmple.s                               0x00000000   Number         0  cdrcmple.o ABSOLUTE
    dc.s                                     0x00000000   Number         0  dc.o ABSOLUTE
    handlers.s                               0x00000000   Number         0  handlers.o ABSOLUTE
    init.s                                   0x00000000   Number         0  init.o ABSOLUTE
    RESET                                    0x08000000   Section      236  startup_stm32f10x_md.o(RESET)
    .ARM.Collect$$$$00000000                 0x080000ec   Section        0  entry.o(.ARM.Collect$$$$00000000)
    .ARM.Collect$$$$00000001                 0x080000ec   Section        4  entry2.o(.ARM.Collect$$$$00000001)
    .ARM.Collect$$$$00000004                 0x080000f0   Section        4  entry5.o(.ARM.Collect$$$$00000004)
    .ARM.Collect$$$$00000008                 0x080000f4   Section        0  entry7b.o(.ARM.Collect$$$$00000008)
    .ARM.Collect$$$$0000000A                 0x080000f4   Section        0  entry8b.o(.ARM.Collect$$$$0000000A)
    .ARM.Collect$$$$0000000B                 0x080000f4   Section        8  entry9a.o(.ARM.Collect$$$$0000000B)
    .ARM.Collect$$$$0000000D                 0x080000fc   Section        0  entry10a.o(.ARM.Collect$$$$0000000D)
    .ARM.Collect$$$$0000000F                 0x080000fc   Section        0  entry11a.o(.ARM.Collect$$$$0000000F)
    .ARM.Collect$$$$00002712                 0x080000fc   Section        4  entry2.o(.ARM.Collect$$$$00002712)
    __lit__00000000                          0x080000fc   Data           4  entry2.o(.ARM.Collect$$$$00002712)
    .text                                    0x08000100   Section       36  startup_stm32f10x_md.o(.text)
    .text                                    0x08000124   Section        0  memseta.o(.text)
    .text                                    0x08000148   Section        0  strstr.o(.text)
    .text                                    0x0800016c   Section        0  strlen.o(.text)
    .text                                    0x0800017c   Section        0  strtok.o(.text)
    .text                                    0x080001c0   Section        0  __0sscanf.o(.text)
    .text                                    0x080001f8   Section        0  _scanf_int.o(.text)
    .text                                    0x08000344   Section        0  _scanf_str.o(.text)
    .text                                    0x08000424   Section        0  uidiv.o(.text)
    .text                                    0x08000450   Section        0  uldiv.o(.text)
    .text                                    0x080004b2   Section        0  _chval.o(.text)
    .text                                    0x080004d0   Section        0  scanf_char.o(.text)
    _scanf_char_input                        0x080004d1   Thumb Code    12  scanf_char.o(.text)
    .text                                    0x080004f8   Section        0  _sgetc.o(.text)
    .text                                    0x08000538   Section        0  iusefp.o(.text)
    .text                                    0x08000538   Section        0  dadd.o(.text)
    .text                                    0x08000686   Section        0  dmul.o(.text)
    .text                                    0x0800076a   Section        0  ddiv.o(.text)
    .text                                    0x08000848   Section        0  dfixul.o(.text)
    .text                                    0x08000878   Section       48  cdrcmple.o(.text)
    .text                                    0x080008a8   Section       36  init.o(.text)
    .text                                    0x080008cc   Section        0  llshl.o(.text)
    .text                                    0x080008ea   Section        0  llushr.o(.text)
    .text                                    0x0800090a   Section        0  llsshr.o(.text)
    .text                                    0x0800092e   Section        0  isspace_c.o(.text)
    .text                                    0x08000938   Section        0  _scanf.o(.text)
    .text                                    0x08000c64   Section        0  depilogue.o(.text)
    .text                                    0x08000d20   Section        0  ctype_c.o(.text)
    i.Aux_Int                                0x08000d48   Section        0  lora.o(i.Aux_Int)
    i.BusFault_Handler                       0x08000d98   Section        0  stm32f10x_it.o(i.BusFault_Handler)
    i.DebugMon_Handler                       0x08000d9c   Section        0  stm32f10x_it.o(i.DebugMon_Handler)
    i.Delay_ms                               0x08000d9e   Section        0  delay.o(i.Delay_ms)
    i.Delay_us                               0x08000db6   Section        0  delay.o(i.Delay_us)
    i.EXTI4_IRQHandler                       0x08000de4   Section        0  lora.o(i.EXTI4_IRQHandler)
    i.EXTI_ClearITPendingBit                 0x08000e5c   Section        0  stm32f10x_exti.o(i.EXTI_ClearITPendingBit)
    i.EXTI_GetITStatus                       0x08000e68   Section        0  stm32f10x_exti.o(i.EXTI_GetITStatus)
    i.EXTI_Init                              0x08000e90   Section        0  stm32f10x_exti.o(i.EXTI_Init)
    i.GPIO_EXTILineConfig                    0x08000f24   Section        0  stm32f10x_gpio.o(i.GPIO_EXTILineConfig)
    i.GPIO_Init                              0x08000f64   Section        0  stm32f10x_gpio.o(i.GPIO_Init)
    i.GPIO_PinRemapConfig                    0x0800107c   Section        0  stm32f10x_gpio.o(i.GPIO_PinRemapConfig)
    i.GPIO_WriteBit                          0x0800110c   Section        0  stm32f10x_gpio.o(i.GPIO_WriteBit)
    i.Get_Lora_Flage                         0x08001118   Section        0  lora.o(i.Get_Lora_Flage)
    i.HMISendb                               0x08001134   Section        0  serial.o(i.HMISendb)
    i.HMISends                               0x08001168   Section        0  serial.o(i.HMISends)
    i.HardFault_Handler                      0x08001198   Section        0  stm32f10x_it.o(i.HardFault_Handler)
    i.LED_GPIO_Config                        0x0800119c   Section        0  led.o(i.LED_GPIO_Config)
    i.LoRa_Init                              0x080011c8   Section        0  lora.o(i.LoRa_Init)
    i.LoRa_ReceData                          0x080012d0   Section        0  lora.o(i.LoRa_ReceData)
    i.Lora_set                               0x08001304   Section        0  lora.o(i.Lora_set)
    i.MemManage_Handler                      0x080014a0   Section        0  stm32f10x_it.o(i.MemManage_Handler)
    i.My_USART1                              0x080014a4   Section        0  my_usart1.o(i.My_USART1)
    i.NMI_Handler                            0x08001548   Section        0  stm32f10x_it.o(i.NMI_Handler)
    i.NVIC_Init                              0x0800154c   Section        0  misc.o(i.NVIC_Init)
    i.NVIC_PriorityGroupConfig               0x080015bc   Section        0  misc.o(i.NVIC_PriorityGroupConfig)
    i.OLED_Clear                             0x080015d0   Section        0  oled.o(i.OLED_Clear)
    i.OLED_I2C_Init                          0x080015fc   Section        0  oled.o(i.OLED_I2C_Init)
    i.OLED_I2C_SendByte                      0x0800164c   Section        0  oled.o(i.OLED_I2C_SendByte)
    i.OLED_I2C_Start                         0x080016a0   Section        0  oled.o(i.OLED_I2C_Start)
    i.OLED_I2C_Stop                          0x080016d4   Section        0  oled.o(i.OLED_I2C_Stop)
    i.OLED_Init                              0x080016fc   Section        0  oled.o(i.OLED_Init)
    i.OLED_Pow                               0x080017aa   Section        0  oled.o(i.OLED_Pow)
    i.OLED_SetCursor                         0x080017be   Section        0  oled.o(i.OLED_SetCursor)
    i.OLED_ShowChar                          0x080017e0   Section        0  oled.o(i.OLED_ShowChar)
    i.OLED_ShowNum                           0x08001854   Section        0  oled.o(i.OLED_ShowNum)
    i.OLED_WriteCommand                      0x08001898   Section        0  oled.o(i.OLED_WriteCommand)
    i.OLED_WriteData                         0x080018b8   Section        0  oled.o(i.OLED_WriteData)
    i.PendSV_Handler                         0x080018d8   Section        0  stm32f10x_it.o(i.PendSV_Handler)
    i.RCC_APB1PeriphClockCmd                 0x080018dc   Section        0  stm32f10x_rcc.o(i.RCC_APB1PeriphClockCmd)
    i.RCC_APB1PeriphResetCmd                 0x080018fc   Section        0  stm32f10x_rcc.o(i.RCC_APB1PeriphResetCmd)
    i.RCC_APB2PeriphClockCmd                 0x0800191c   Section        0  stm32f10x_rcc.o(i.RCC_APB2PeriphClockCmd)
    i.RCC_APB2PeriphResetCmd                 0x0800193c   Section        0  stm32f10x_rcc.o(i.RCC_APB2PeriphResetCmd)
    i.RCC_GetClocksFreq                      0x0800195c   Section        0  stm32f10x_rcc.o(i.RCC_GetClocksFreq)
    i.SVC_Handler                            0x08001a30   Section        0  stm32f10x_it.o(i.SVC_Handler)
    i.Send_Data                              0x08001a34   Section        0  app.o(i.Send_Data)
    i.Serial_GetRxFlag                       0x08001c58   Section        0  serial.o(i.Serial_GetRxFlag)
    i.Serial_Init                            0x08001c74   Section        0  serial.o(i.Serial_Init)
    i.SetSysClock                            0x08001d28   Section        0  system_stm32f10x.o(i.SetSysClock)
    SetSysClock                              0x08001d29   Thumb Code     8  system_stm32f10x.o(i.SetSysClock)
    i.SetSysClockTo72                        0x08001d30   Section        0  system_stm32f10x.o(i.SetSysClockTo72)
    SetSysClockTo72                          0x08001d31   Thumb Code   214  system_stm32f10x.o(i.SetSysClockTo72)
    i.SysTick_Handler                        0x08001e10   Section        0  stm32f10x_it.o(i.SysTick_Handler)
    i.SystemInit                             0x08001e14   Section        0  system_stm32f10x.o(i.SystemInit)
    i.TIM2_IRQHandler                        0x08001e74   Section        0  time2.o(i.TIM2_IRQHandler)
    i.TIM3_IRQHandler                        0x08001e9c   Section        0  time3.o(i.TIM3_IRQHandler)
    i.TIM3_Init                              0x08001ed0   Section        0  time3.o(i.TIM3_Init)
    i.TIM_ClearITPendingBit                  0x08001f30   Section        0  stm32f10x_tim.o(i.TIM_ClearITPendingBit)
    i.TIM_Cmd                                0x08001f36   Section        0  stm32f10x_tim.o(i.TIM_Cmd)
    i.TIM_GetITStatus                        0x08001f4e   Section        0  stm32f10x_tim.o(i.TIM_GetITStatus)
    i.TIM_ITConfig                           0x08001f70   Section        0  stm32f10x_tim.o(i.TIM_ITConfig)
    i.TIM_SetCounter                         0x08001f82   Section        0  stm32f10x_tim.o(i.TIM_SetCounter)
    i.TIM_TimeBaseInit                       0x08001f88   Section        0  stm32f10x_tim.o(i.TIM_TimeBaseInit)
    i.USART1_IRQHandler                      0x0800202c   Section        0  my_usart1.o(i.USART1_IRQHandler)
    i.USART2_IRQHandler                      0x08002050   Section        0  serial.o(i.USART2_IRQHandler)
    i.USART3_IRQHandler                      0x080020e4   Section        0  usart3.o(i.USART3_IRQHandler)
    i.USART_ClearITPendingBit                0x0800215c   Section        0  stm32f10x_usart.o(i.USART_ClearITPendingBit)
    i.USART_Cmd                              0x0800217a   Section        0  stm32f10x_usart.o(i.USART_Cmd)
    i.USART_DeInit                           0x08002194   Section        0  stm32f10x_usart.o(i.USART_DeInit)
    i.USART_GetFlagStatus                    0x08002230   Section        0  stm32f10x_usart.o(i.USART_GetFlagStatus)
    i.USART_GetITStatus                      0x0800224a   Section        0  stm32f10x_usart.o(i.USART_GetITStatus)
    i.USART_ITConfig                         0x0800229e   Section        0  stm32f10x_usart.o(i.USART_ITConfig)
    i.USART_Init                             0x080022e8   Section        0  stm32f10x_usart.o(i.USART_Init)
    i.USART_ReceiveData                      0x080023c0   Section        0  stm32f10x_usart.o(i.USART_ReceiveData)
    i.USART_SendByte                         0x080023ca   Section        0  my_usart1.o(i.USART_SendByte)
    i.USART_SendData                         0x080023e6   Section        0  stm32f10x_usart.o(i.USART_SendData)
    i.UsageFault_Handler                     0x080023ee   Section        0  stm32f10x_it.o(i.UsageFault_Handler)
    i.__0printf                              0x080023f4   Section        0  printfa.o(i.__0printf)
    i.__0sprintf                             0x08002414   Section        0  printfa.o(i.__0sprintf)
    i.__0vsprintf                            0x0800243c   Section        0  printfa.o(i.__0vsprintf)
    i.__scatterload_copy                     0x08002460   Section       14  handlers.o(i.__scatterload_copy)
    i.__scatterload_null                     0x0800246e   Section        2  handlers.o(i.__scatterload_null)
    i.__scatterload_zeroinit                 0x08002470   Section       14  handlers.o(i.__scatterload_zeroinit)
    i._fp_digits                             0x08002480   Section        0  printfa.o(i._fp_digits)
    _fp_digits                               0x08002481   Thumb Code   366  printfa.o(i._fp_digits)
    i._printf_core                           0x08002604   Section        0  printfa.o(i._printf_core)
    _printf_core                             0x08002605   Thumb Code  1744  printfa.o(i._printf_core)
    i._printf_post_padding                   0x08002ce0   Section        0  printfa.o(i._printf_post_padding)
    _printf_post_padding                     0x08002ce1   Thumb Code    36  printfa.o(i._printf_post_padding)
    i._printf_pre_padding                    0x08002d04   Section        0  printfa.o(i._printf_pre_padding)
    _printf_pre_padding                      0x08002d05   Thumb Code    46  printfa.o(i._printf_pre_padding)
    i._sputc                                 0x08002d32   Section        0  printfa.o(i._sputc)
    _sputc                                   0x08002d33   Thumb Code    10  printfa.o(i._sputc)
    i.fputc                                  0x08002d3c   Section        0  my_usart1.o(i.fputc)
    i.lora_check_cmd                         0x08002d60   Section        0  lora.o(i.lora_check_cmd)
    i.lora_send_cmd                          0x08002d94   Section        0  lora.o(i.lora_send_cmd)
    i.main                                   0x08002e14   Section        0  main.o(i.main)
    i.parseString                            0x08002f04   Section        0  main.o(i.parseString)
    i.u3_printf                              0x08002f44   Section        0  usart3.o(i.u3_printf)
    i.usart3_init                            0x08002f94   Section        0  usart3.o(i.usart3_init)
    i.usart3_rx                              0x0800305c   Section        0  usart3.o(i.usart3_rx)
    .constdata                               0x08003094   Section     1520  oled.o(.constdata)
    .constdata                               0x08003684   Section       64  ctype_c.o(.constdata)
    .conststring                             0x080036c4   Section       66  app.o(.conststring)
    .data                                    0x20000000   Section       20  stm32f10x_rcc.o(.data)
    APBAHBPrescTable                         0x20000000   Data          16  stm32f10x_rcc.o(.data)
    ADCPrescTable                            0x20000010   Data           4  stm32f10x_rcc.o(.data)
    .data                                    0x20000014   Section        6  main.o(.data)
    .data                                    0x2000001c   Section       17  lora.o(.data)
    Int_mode                                 0x2000001d   Data           1  lora.o(.data)
    flage                                    0x2000002c   Data           1  lora.o(.data)
    .data                                    0x20000030   Section       31  app.o(.data)
    .data                                    0x2000004f   Section        1  time2.o(.data)
    i                                        0x2000004f   Data           1  time2.o(.data)
    .data                                    0x20000050   Section        2  usart3.o(.data)
    .data                                    0x20000052   Section       12  serial.o(.data)
    RxState                                  0x2000005c   Data           1  serial.o(.data)
    pRxPacket                                0x2000005d   Data           1  serial.o(.data)
    .data                                    0x20000060   Section        4  strtok.o(.data)
    state                                    0x20000060   Data           4  strtok.o(.data)
    .data                                    0x20000064   Section        4  stdout.o(.data)
    .bss                                     0x20000068   Section     1640  usart3.o(.bss)
    STACK                                    0x200006d0   Section     1024  startup_stm32f10x_md.o(STACK)

    Global Symbols

    Symbol Name                              Value     Ov Type        Size  Object(Section)

    BuildAttributes$$THM_ISAv4$P$D$K$B$S$PE$A:L22UL41UL21$X:L11$S22US41US21$IEEE1$IW$USESV6$~STKCKD$USESV7$~SHL$OSPACE$ROPI$EBA8$MICROLIB$REQ8$PRES8$EABIv2 0x00000000   Number         0  anon$$obj.o ABSOLUTE
    __ARM_use_no_argv                        0x00000000   Number         0  main.o ABSOLUTE
    _printf_a                                0x00000000   Number         0  stubs.o ABSOLUTE
    _printf_c                                0x00000000   Number         0  stubs.o ABSOLUTE
    _printf_charcount                        0x00000000   Number         0  stubs.o ABSOLUTE
    _printf_d                                0x00000000   Number         0  stubs.o ABSOLUTE
    _printf_e                                0x00000000   Number         0  stubs.o ABSOLUTE
    _printf_f                                0x00000000   Number         0  stubs.o ABSOLUTE
    _printf_flags                            0x00000000   Number         0  stubs.o ABSOLUTE
    _printf_fp_dec                           0x00000000   Number         0  stubs.o ABSOLUTE
    _printf_fp_hex                           0x00000000   Number         0  stubs.o ABSOLUTE
    _printf_g                                0x00000000   Number         0  stubs.o ABSOLUTE
    _printf_i                                0x00000000   Number         0  stubs.o ABSOLUTE
    _printf_int_dec                          0x00000000   Number         0  stubs.o ABSOLUTE
    _printf_l                                0x00000000   Number         0  stubs.o ABSOLUTE
    _printf_lc                               0x00000000   Number         0  stubs.o ABSOLUTE
    _printf_ll                               0x00000000   Number         0  stubs.o ABSOLUTE
    _printf_lld                              0x00000000   Number         0  stubs.o ABSOLUTE
    _printf_lli                              0x00000000   Number         0  stubs.o ABSOLUTE
    _printf_llo                              0x00000000   Number         0  stubs.o ABSOLUTE
    _printf_llu                              0x00000000   Number         0  stubs.o ABSOLUTE
    _printf_llx                              0x00000000   Number         0  stubs.o ABSOLUTE
    _printf_longlong_dec                     0x00000000   Number         0  stubs.o ABSOLUTE
    _printf_longlong_hex                     0x00000000   Number         0  stubs.o ABSOLUTE
    _printf_longlong_oct                     0x00000000   Number         0  stubs.o ABSOLUTE
    _printf_ls                               0x00000000   Number         0  stubs.o ABSOLUTE
    _printf_mbtowc                           0x00000000   Number         0  stubs.o ABSOLUTE
    _printf_n                                0x00000000   Number         0  stubs.o ABSOLUTE
    _printf_o                                0x00000000   Number         0  stubs.o ABSOLUTE
    _printf_p                                0x00000000   Number         0  stubs.o ABSOLUTE
    _printf_percent                          0x00000000   Number         0  stubs.o ABSOLUTE
    _printf_pre_padding                      0x00000000   Number         0  stubs.o ABSOLUTE
    _printf_return_value                     0x00000000   Number         0  stubs.o ABSOLUTE
    _printf_s                                0x00000000   Number         0  stubs.o ABSOLUTE
    _printf_sizespec                         0x00000000   Number         0  stubs.o ABSOLUTE
    _printf_str                              0x00000000   Number         0  stubs.o ABSOLUTE
    _printf_truncate_signed                  0x00000000   Number         0  stubs.o ABSOLUTE
    _printf_truncate_unsigned                0x00000000   Number         0  stubs.o ABSOLUTE
    _printf_u                                0x00000000   Number         0  stubs.o ABSOLUTE
    _printf_wc                               0x00000000   Number         0  stubs.o ABSOLUTE
    _printf_wctomb                           0x00000000   Number         0  stubs.o ABSOLUTE
    _printf_widthprec                        0x00000000   Number         0  stubs.o ABSOLUTE
    _printf_x                                0x00000000   Number         0  stubs.o ABSOLUTE
    __cpp_initialize__aeabi_                  - Undefined Weak Reference
    __cxa_finalize                            - Undefined Weak Reference
    __decompress                              - Undefined Weak Reference
    _clock_init                               - Undefined Weak Reference
    _microlib_exit                            - Undefined Weak Reference
    _scanf_longlong                           - Undefined Weak Reference
    _scanf_real                               - Undefined Weak Reference
    __Vectors_Size                           0x000000ec   Number         0  startup_stm32f10x_md.o ABSOLUTE
    __Vectors                                0x08000000   Data           4  startup_stm32f10x_md.o(RESET)
    __Vectors_End                            0x080000ec   Data           0  startup_stm32f10x_md.o(RESET)
    __main                                   0x080000ed   Thumb Code     0  entry.o(.ARM.Collect$$$$00000000)
    _main_stk                                0x080000ed   Thumb Code     0  entry2.o(.ARM.Collect$$$$00000001)
    _main_scatterload                        0x080000f1   Thumb Code     0  entry5.o(.ARM.Collect$$$$00000004)
    __main_after_scatterload                 0x080000f5   Thumb Code     0  entry5.o(.ARM.Collect$$$$00000004)
    _main_clock                              0x080000f5   Thumb Code     0  entry7b.o(.ARM.Collect$$$$00000008)
    _main_cpp_init                           0x080000f5   Thumb Code     0  entry8b.o(.ARM.Collect$$$$0000000A)
    _main_init                               0x080000f5   Thumb Code     0  entry9a.o(.ARM.Collect$$$$0000000B)
    __rt_final_cpp                           0x080000fd   Thumb Code     0  entry10a.o(.ARM.Collect$$$$0000000D)
    __rt_final_exit                          0x080000fd   Thumb Code     0  entry11a.o(.ARM.Collect$$$$0000000F)
    Reset_Handler                            0x08000101   Thumb Code     8  startup_stm32f10x_md.o(.text)
    ADC1_2_IRQHandler                        0x0800011b   Thumb Code     0  startup_stm32f10x_md.o(.text)
    CAN1_RX1_IRQHandler                      0x0800011b   Thumb Code     0  startup_stm32f10x_md.o(.text)
    CAN1_SCE_IRQHandler                      0x0800011b   Thumb Code     0  startup_stm32f10x_md.o(.text)
    DMA1_Channel1_IRQHandler                 0x0800011b   Thumb Code     0  startup_stm32f10x_md.o(.text)
    DMA1_Channel2_IRQHandler                 0x0800011b   Thumb Code     0  startup_stm32f10x_md.o(.text)
    DMA1_Channel3_IRQHandler                 0x0800011b   Thumb Code     0  startup_stm32f10x_md.o(.text)
    DMA1_Channel4_IRQHandler                 0x0800011b   Thumb Code     0  startup_stm32f10x_md.o(.text)
    DMA1_Channel5_IRQHandler                 0x0800011b   Thumb Code     0  startup_stm32f10x_md.o(.text)
    DMA1_Channel6_IRQHandler                 0x0800011b   Thumb Code     0  startup_stm32f10x_md.o(.text)
    DMA1_Channel7_IRQHandler                 0x0800011b   Thumb Code     0  startup_stm32f10x_md.o(.text)
    EXTI0_IRQHandler                         0x0800011b   Thumb Code     0  startup_stm32f10x_md.o(.text)
    EXTI15_10_IRQHandler                     0x0800011b   Thumb Code     0  startup_stm32f10x_md.o(.text)
    EXTI1_IRQHandler                         0x0800011b   Thumb Code     0  startup_stm32f10x_md.o(.text)
    EXTI2_IRQHandler                         0x0800011b   Thumb Code     0  startup_stm32f10x_md.o(.text)
    EXTI3_IRQHandler                         0x0800011b   Thumb Code     0  startup_stm32f10x_md.o(.text)
    EXTI9_5_IRQHandler                       0x0800011b   Thumb Code     0  startup_stm32f10x_md.o(.text)
    FLASH_IRQHandler                         0x0800011b   Thumb Code     0  startup_stm32f10x_md.o(.text)
    I2C1_ER_IRQHandler                       0x0800011b   Thumb Code     0  startup_stm32f10x_md.o(.text)
    I2C1_EV_IRQHandler                       0x0800011b   Thumb Code     0  startup_stm32f10x_md.o(.text)
    I2C2_ER_IRQHandler                       0x0800011b   Thumb Code     0  startup_stm32f10x_md.o(.text)
    I2C2_EV_IRQHandler                       0x0800011b   Thumb Code     0  startup_stm32f10x_md.o(.text)
    PVD_IRQHandler                           0x0800011b   Thumb Code     0  startup_stm32f10x_md.o(.text)
    RCC_IRQHandler                           0x0800011b   Thumb Code     0  startup_stm32f10x_md.o(.text)
    RTCAlarm_IRQHandler                      0x0800011b   Thumb Code     0  startup_stm32f10x_md.o(.text)
    RTC_IRQHandler                           0x0800011b   Thumb Code     0  startup_stm32f10x_md.o(.text)
    SPI1_IRQHandler                          0x0800011b   Thumb Code     0  startup_stm32f10x_md.o(.text)
    SPI2_IRQHandler                          0x0800011b   Thumb Code     0  startup_stm32f10x_md.o(.text)
    TAMPER_IRQHandler                        0x0800011b   Thumb Code     0  startup_stm32f10x_md.o(.text)
    TIM1_BRK_IRQHandler                      0x0800011b   Thumb Code     0  startup_stm32f10x_md.o(.text)
    TIM1_CC_IRQHandler                       0x0800011b   Thumb Code     0  startup_stm32f10x_md.o(.text)
    TIM1_TRG_COM_IRQHandler                  0x0800011b   Thumb Code     0  startup_stm32f10x_md.o(.text)
    TIM1_UP_IRQHandler                       0x0800011b   Thumb Code     0  startup_stm32f10x_md.o(.text)
    TIM4_IRQHandler                          0x0800011b   Thumb Code     0  startup_stm32f10x_md.o(.text)
    USBWakeUp_IRQHandler                     0x0800011b   Thumb Code     0  startup_stm32f10x_md.o(.text)
    USB_HP_CAN1_TX_IRQHandler                0x0800011b   Thumb Code     0  startup_stm32f10x_md.o(.text)
    USB_LP_CAN1_RX0_IRQHandler               0x0800011b   Thumb Code     0  startup_stm32f10x_md.o(.text)
    WWDG_IRQHandler                          0x0800011b   Thumb Code     0  startup_stm32f10x_md.o(.text)
    __aeabi_memset                           0x08000125   Thumb Code    14  memseta.o(.text)
    __aeabi_memset4                          0x08000125   Thumb Code     0  memseta.o(.text)
    __aeabi_memset8                          0x08000125   Thumb Code     0  memseta.o(.text)
    __aeabi_memclr                           0x08000133   Thumb Code     4  memseta.o(.text)
    __aeabi_memclr4                          0x08000133   Thumb Code     0  memseta.o(.text)
    __aeabi_memclr8                          0x08000133   Thumb Code     0  memseta.o(.text)
    _memset$wrapper                          0x08000137   Thumb Code    18  memseta.o(.text)
    strstr                                   0x08000149   Thumb Code    36  strstr.o(.text)
    strlen                                   0x0800016d   Thumb Code    14  strlen.o(.text)
    strtok                                   0x0800017d   Thumb Code    62  strtok.o(.text)
    __0sscanf                                0x080001c1   Thumb Code    48  __0sscanf.o(.text)
    _scanf_int                               0x080001f9   Thumb Code   332  _scanf_int.o(.text)
    _scanf_string                            0x08000345   Thumb Code   224  _scanf_str.o(.text)
    __aeabi_uidiv                            0x08000425   Thumb Code     0  uidiv.o(.text)
    __aeabi_uidivmod                         0x08000425   Thumb Code    44  uidiv.o(.text)
    __aeabi_uldivmod                         0x08000451   Thumb Code    98  uldiv.o(.text)
    _chval                                   0x080004b3   Thumb Code    28  _chval.o(.text)
    __vfscanf_char                           0x080004dd   Thumb Code    20  scanf_char.o(.text)
    _sgetc                                   0x080004f9   Thumb Code    30  _sgetc.o(.text)
    _sbackspace                              0x08000517   Thumb Code    34  _sgetc.o(.text)
    __I$use$fp                               0x08000539   Thumb Code     0  iusefp.o(.text)
    __aeabi_dadd                             0x08000539   Thumb Code   322  dadd.o(.text)
    __aeabi_dsub                             0x0800067b   Thumb Code     6  dadd.o(.text)
    __aeabi_drsub                            0x08000681   Thumb Code     6  dadd.o(.text)
    __aeabi_dmul                             0x08000687   Thumb Code   228  dmul.o(.text)
    __aeabi_ddiv                             0x0800076b   Thumb Code   222  ddiv.o(.text)
    __aeabi_d2ulz                            0x08000849   Thumb Code    48  dfixul.o(.text)
    __aeabi_cdrcmple                         0x08000879   Thumb Code    48  cdrcmple.o(.text)
    __scatterload                            0x080008a9   Thumb Code    28  init.o(.text)
    __scatterload_rt2                        0x080008a9   Thumb Code     0  init.o(.text)
    __aeabi_llsl                             0x080008cd   Thumb Code    30  llshl.o(.text)
    _ll_shift_l                              0x080008cd   Thumb Code     0  llshl.o(.text)
    __aeabi_llsr                             0x080008eb   Thumb Code    32  llushr.o(.text)
    _ll_ushift_r                             0x080008eb   Thumb Code     0  llushr.o(.text)
    __aeabi_lasr                             0x0800090b   Thumb Code    36  llsshr.o(.text)
    _ll_sshift_r                             0x0800090b   Thumb Code     0  llsshr.o(.text)
    isspace                                  0x0800092f   Thumb Code    10  isspace_c.o(.text)
    __vfscanf                                0x08000939   Thumb Code   808  _scanf.o(.text)
    _double_round                            0x08000c65   Thumb Code    30  depilogue.o(.text)
    _double_epilogue                         0x08000c83   Thumb Code   156  depilogue.o(.text)
    __ctype_lookup                           0x08000d21   Thumb Code    34  ctype_c.o(.text)
    Aux_Int                                  0x08000d49   Thumb Code    68  lora.o(i.Aux_Int)
    BusFault_Handler                         0x08000d99   Thumb Code     4  stm32f10x_it.o(i.BusFault_Handler)
    DebugMon_Handler                         0x08000d9d   Thumb Code     2  stm32f10x_it.o(i.DebugMon_Handler)
    Delay_ms                                 0x08000d9f   Thumb Code    24  delay.o(i.Delay_ms)
    Delay_us                                 0x08000db7   Thumb Code    46  delay.o(i.Delay_us)
    EXTI4_IRQHandler                         0x08000de5   Thumb Code   106  lora.o(i.EXTI4_IRQHandler)
    EXTI_ClearITPendingBit                   0x08000e5d   Thumb Code     6  stm32f10x_exti.o(i.EXTI_ClearITPendingBit)
    EXTI_GetITStatus                         0x08000e69   Thumb Code    34  stm32f10x_exti.o(i.EXTI_GetITStatus)
    EXTI_Init                                0x08000e91   Thumb Code   142  stm32f10x_exti.o(i.EXTI_Init)
    GPIO_EXTILineConfig                      0x08000f25   Thumb Code    60  stm32f10x_gpio.o(i.GPIO_EXTILineConfig)
    GPIO_Init                                0x08000f65   Thumb Code   278  stm32f10x_gpio.o(i.GPIO_Init)
    GPIO_PinRemapConfig                      0x0800107d   Thumb Code   138  stm32f10x_gpio.o(i.GPIO_PinRemapConfig)
    GPIO_WriteBit                            0x0800110d   Thumb Code    10  stm32f10x_gpio.o(i.GPIO_WriteBit)
    Get_Lora_Flage                           0x08001119   Thumb Code    22  lora.o(i.Get_Lora_Flage)
    HMISendb                                 0x08001135   Thumb Code    48  serial.o(i.HMISendb)
    HMISends                                 0x08001169   Thumb Code    44  serial.o(i.HMISends)
    HardFault_Handler                        0x08001199   Thumb Code     4  stm32f10x_it.o(i.HardFault_Handler)
    LED_GPIO_Config                          0x0800119d   Thumb Code    38  led.o(i.LED_GPIO_Config)
    LoRa_Init                                0x080011c9   Thumb Code   230  lora.o(i.LoRa_Init)
    LoRa_ReceData                            0x080012d1   Thumb Code    38  lora.o(i.LoRa_ReceData)
    Lora_set                                 0x08001305   Thumb Code   192  lora.o(i.Lora_set)
    MemManage_Handler                        0x080014a1   Thumb Code     4  stm32f10x_it.o(i.MemManage_Handler)
    My_USART1                                0x080014a5   Thumb Code   156  my_usart1.o(i.My_USART1)
    NMI_Handler                              0x08001549   Thumb Code     2  stm32f10x_it.o(i.NMI_Handler)
    NVIC_Init                                0x0800154d   Thumb Code   100  misc.o(i.NVIC_Init)
    NVIC_PriorityGroupConfig                 0x080015bd   Thumb Code    10  misc.o(i.NVIC_PriorityGroupConfig)
    OLED_Clear                               0x080015d1   Thumb Code    42  oled.o(i.OLED_Clear)
    OLED_I2C_Init                            0x080015fd   Thumb Code    76  oled.o(i.OLED_I2C_Init)
    OLED_I2C_SendByte                        0x0800164d   Thumb Code    80  oled.o(i.OLED_I2C_SendByte)
    OLED_I2C_Start                           0x080016a1   Thumb Code    48  oled.o(i.OLED_I2C_Start)
    OLED_I2C_Stop                            0x080016d5   Thumb Code    36  oled.o(i.OLED_I2C_Stop)
    OLED_Init                                0x080016fd   Thumb Code   174  oled.o(i.OLED_Init)
    OLED_Pow                                 0x080017ab   Thumb Code    20  oled.o(i.OLED_Pow)
    OLED_SetCursor                           0x080017bf   Thumb Code    34  oled.o(i.OLED_SetCursor)
    OLED_ShowChar                            0x080017e1   Thumb Code   110  oled.o(i.OLED_ShowChar)
    OLED_ShowNum                             0x08001855   Thumb Code    68  oled.o(i.OLED_ShowNum)
    OLED_WriteCommand                        0x08001899   Thumb Code    32  oled.o(i.OLED_WriteCommand)
    OLED_WriteData                           0x080018b9   Thumb Code    32  oled.o(i.OLED_WriteData)
    PendSV_Handler                           0x080018d9   Thumb Code     2  stm32f10x_it.o(i.PendSV_Handler)
    RCC_APB1PeriphClockCmd                   0x080018dd   Thumb Code    26  stm32f10x_rcc.o(i.RCC_APB1PeriphClockCmd)
    RCC_APB1PeriphResetCmd                   0x080018fd   Thumb Code    26  stm32f10x_rcc.o(i.RCC_APB1PeriphResetCmd)
    RCC_APB2PeriphClockCmd                   0x0800191d   Thumb Code    26  stm32f10x_rcc.o(i.RCC_APB2PeriphClockCmd)
    RCC_APB2PeriphResetCmd                   0x0800193d   Thumb Code    26  stm32f10x_rcc.o(i.RCC_APB2PeriphResetCmd)
    RCC_GetClocksFreq                        0x0800195d   Thumb Code   192  stm32f10x_rcc.o(i.RCC_GetClocksFreq)
    SVC_Handler                              0x08001a31   Thumb Code     2  stm32f10x_it.o(i.SVC_Handler)
    Send_Data                                0x08001a35   Thumb Code   498  app.o(i.Send_Data)
    Serial_GetRxFlag                         0x08001c59   Thumb Code    22  serial.o(i.Serial_GetRxFlag)
    Serial_Init                              0x08001c75   Thumb Code   170  serial.o(i.Serial_Init)
    SysTick_Handler                          0x08001e11   Thumb Code     2  stm32f10x_it.o(i.SysTick_Handler)
    SystemInit                               0x08001e15   Thumb Code    78  system_stm32f10x.o(i.SystemInit)
    TIM2_IRQHandler                          0x08001e75   Thumb Code    36  time2.o(i.TIM2_IRQHandler)
    TIM3_IRQHandler                          0x08001e9d   Thumb Code    42  time3.o(i.TIM3_IRQHandler)
    TIM3_Init                                0x08001ed1   Thumb Code    90  time3.o(i.TIM3_Init)
    TIM_ClearITPendingBit                    0x08001f31   Thumb Code     6  stm32f10x_tim.o(i.TIM_ClearITPendingBit)
    TIM_Cmd                                  0x08001f37   Thumb Code    24  stm32f10x_tim.o(i.TIM_Cmd)
    TIM_GetITStatus                          0x08001f4f   Thumb Code    34  stm32f10x_tim.o(i.TIM_GetITStatus)
    TIM_ITConfig                             0x08001f71   Thumb Code    18  stm32f10x_tim.o(i.TIM_ITConfig)
    TIM_SetCounter                           0x08001f83   Thumb Code     4  stm32f10x_tim.o(i.TIM_SetCounter)
    TIM_TimeBaseInit                         0x08001f89   Thumb Code   122  stm32f10x_tim.o(i.TIM_TimeBaseInit)
    USART1_IRQHandler                        0x0800202d   Thumb Code    32  my_usart1.o(i.USART1_IRQHandler)
    USART2_IRQHandler                        0x08002051   Thumb Code   128  serial.o(i.USART2_IRQHandler)
    USART3_IRQHandler                        0x080020e5   Thumb Code   100  usart3.o(i.USART3_IRQHandler)
    USART_ClearITPendingBit                  0x0800215d   Thumb Code    30  stm32f10x_usart.o(i.USART_ClearITPendingBit)
    USART_Cmd                                0x0800217b   Thumb Code    24  stm32f10x_usart.o(i.USART_Cmd)
    USART_DeInit                             0x08002195   Thumb Code   134  stm32f10x_usart.o(i.USART_DeInit)
    USART_GetFlagStatus                      0x08002231   Thumb Code    26  stm32f10x_usart.o(i.USART_GetFlagStatus)
    USART_GetITStatus                        0x0800224b   Thumb Code    84  stm32f10x_usart.o(i.USART_GetITStatus)
    USART_ITConfig                           0x0800229f   Thumb Code    74  stm32f10x_usart.o(i.USART_ITConfig)
    USART_Init                               0x080022e9   Thumb Code   210  stm32f10x_usart.o(i.USART_Init)
    USART_ReceiveData                        0x080023c1   Thumb Code    10  stm32f10x_usart.o(i.USART_ReceiveData)
    USART_SendByte                           0x080023cb   Thumb Code    28  my_usart1.o(i.USART_SendByte)
    USART_SendData                           0x080023e7   Thumb Code     8  stm32f10x_usart.o(i.USART_SendData)
    UsageFault_Handler                       0x080023ef   Thumb Code     4  stm32f10x_it.o(i.UsageFault_Handler)
    __0printf                                0x080023f5   Thumb Code    22  printfa.o(i.__0printf)
    __1printf                                0x080023f5   Thumb Code     0  printfa.o(i.__0printf)
    __2printf                                0x080023f5   Thumb Code     0  printfa.o(i.__0printf)
    __c89printf                              0x080023f5   Thumb Code     0  printfa.o(i.__0printf)
    printf                                   0x080023f5   Thumb Code     0  printfa.o(i.__0printf)
    __0sprintf                               0x08002415   Thumb Code    34  printfa.o(i.__0sprintf)
    __1sprintf                               0x08002415   Thumb Code     0  printfa.o(i.__0sprintf)
    __2sprintf                               0x08002415   Thumb Code     0  printfa.o(i.__0sprintf)
    __c89sprintf                             0x08002415   Thumb Code     0  printfa.o(i.__0sprintf)
    sprintf                                  0x08002415   Thumb Code     0  printfa.o(i.__0sprintf)
    __0vsprintf                              0x0800243d   Thumb Code    30  printfa.o(i.__0vsprintf)
    __1vsprintf                              0x0800243d   Thumb Code     0  printfa.o(i.__0vsprintf)
    __2vsprintf                              0x0800243d   Thumb Code     0  printfa.o(i.__0vsprintf)
    __c89vsprintf                            0x0800243d   Thumb Code     0  printfa.o(i.__0vsprintf)
    vsprintf                                 0x0800243d   Thumb Code     0  printfa.o(i.__0vsprintf)
    __scatterload_copy                       0x08002461   Thumb Code    14  handlers.o(i.__scatterload_copy)
    __scatterload_null                       0x0800246f   Thumb Code     2  handlers.o(i.__scatterload_null)
    __scatterload_zeroinit                   0x08002471   Thumb Code    14  handlers.o(i.__scatterload_zeroinit)
    fputc                                    0x08002d3d   Thumb Code    32  my_usart1.o(i.fputc)
    lora_check_cmd                           0x08002d61   Thumb Code    44  lora.o(i.lora_check_cmd)
    lora_send_cmd                            0x08002d95   Thumb Code   110  lora.o(i.lora_send_cmd)
    main                                     0x08002e15   Thumb Code   162  main.o(i.main)
    parseString                              0x08002f05   Thumb Code    50  main.o(i.parseString)
    u3_printf                                0x08002f45   Thumb Code    72  usart3.o(i.u3_printf)
    usart3_init                              0x08002f95   Thumb Code   178  usart3.o(i.usart3_init)
    usart3_rx                                0x0800305d   Thumb Code    46  usart3.o(i.usart3_rx)
    asc2_0806                                0x08003094   Data        1520  oled.o(.constdata)
    __ctype_categories                       0x08003684   Data          64  ctype_c.o(.constdata)
    Region$$Table$$Base                      0x08003708   Number         0  anon$$obj.o(Region$$Table)
    Region$$Table$$Limit                     0x08003728   Number         0  anon$$obj.o(Region$$Table)
    EC                                       0x20000014   Data           2  main.o(.data)
    TDS                                      0x20000016   Data           2  main.o(.data)
    TEMP                                     0x20000018   Data           2  main.o(.data)
    Lora_mode                                0x2000001c   Data           1  lora.o(.data)
    EXTI_InitStructure                       0x20000020   Data           8  lora.o(.data)
    NVIC_InitStructure                       0x20000028   Data           4  lora.o(.data)
    Data_Arr                                 0x20000030   Data          13  app.o(.data)
    Flow_rateA                               0x20000040   Data           4  app.o(.data)
    Flow_rateB                               0x20000044   Data           4  app.o(.data)
    Flow_rateC                               0x20000048   Data           4  app.o(.data)
    key_A                                    0x2000004c   Data           1  app.o(.data)
    key_B                                    0x2000004d   Data           1  app.o(.data)
    key_C                                    0x2000004e   Data           1  app.o(.data)
    USART3_RX_STA                            0x20000050   Data           2  usart3.o(.data)
    Serial_TxPacket                          0x20000052   Data           4  serial.o(.data)
    Serial_RxPacket                          0x20000056   Data           5  serial.o(.data)
    Serial_RxFlag                            0x2000005b   Data           1  serial.o(.data)
    __stdout                                 0x20000064   Data           4  stdout.o(.data)
    USART3_RX_BUF                            0x20000068   Data        1024  usart3.o(.bss)
    USART3_TX_BUF                            0x20000468   Data         600  usart3.o(.bss)
    USART_InitStructure                      0x200006c0   Data          16  usart3.o(.bss)
    __initial_sp                             0x20000ad0   Data           0  startup_stm32f10x_md.o(STACK)



==============================================================================

Memory Map of the image

  Image Entry point : 0x080000ed

  Load Region LR_IROM1 (Base: 0x08000000, Size: 0x00003790, Max: 0x00010000, ABSOLUTE)

    Execution Region ER_IROM1 (Exec base: 0x08000000, Load base: 0x08000000, Size: 0x00003728, Max: 0x00010000, ABSOLUTE)

    Exec Addr    Load Addr    Size         Type   Attr      Idx    E Section Name        Object

    0x08000000   0x08000000   0x000000ec   Data   RO            3    RESET               startup_stm32f10x_md.o
    0x080000ec   0x080000ec   0x00000000   Code   RO         3701  * .ARM.Collect$$$$00000000  mc_w.l(entry.o)
    0x080000ec   0x080000ec   0x00000004   Code   RO         3983    .ARM.Collect$$$$00000001  mc_w.l(entry2.o)
    0x080000f0   0x080000f0   0x00000004   Code   RO         3986    .ARM.Collect$$$$00000004  mc_w.l(entry5.o)
    0x080000f4   0x080000f4   0x00000000   Code   RO         3988    .ARM.Collect$$$$00000008  mc_w.l(entry7b.o)
    0x080000f4   0x080000f4   0x00000000   Code   RO         3990    .ARM.Collect$$$$0000000A  mc_w.l(entry8b.o)
    0x080000f4   0x080000f4   0x00000008   Code   RO         3991    .ARM.Collect$$$$0000000B  mc_w.l(entry9a.o)
    0x080000fc   0x080000fc   0x00000000   Code   RO         3993    .ARM.Collect$$$$0000000D  mc_w.l(entry10a.o)
    0x080000fc   0x080000fc   0x00000000   Code   RO         3995    .ARM.Collect$$$$0000000F  mc_w.l(entry11a.o)
    0x080000fc   0x080000fc   0x00000004   Code   RO         3984    .ARM.Collect$$$$00002712  mc_w.l(entry2.o)
    0x08000100   0x08000100   0x00000024   Code   RO            4    .text               startup_stm32f10x_md.o
    0x08000124   0x08000124   0x00000024   Code   RO         3704    .text               mc_w.l(memseta.o)
    0x08000148   0x08000148   0x00000024   Code   RO         3706    .text               mc_w.l(strstr.o)
    0x0800016c   0x0800016c   0x0000000e   Code   RO         3708    .text               mc_w.l(strlen.o)
    0x0800017a   0x0800017a   0x00000002   PAD
    0x0800017c   0x0800017c   0x00000044   Code   RO         3710    .text               mc_w.l(strtok.o)
    0x080001c0   0x080001c0   0x00000038   Code   RO         3977    .text               mc_w.l(__0sscanf.o)
    0x080001f8   0x080001f8   0x0000014c   Code   RO         3979    .text               mc_w.l(_scanf_int.o)
    0x08000344   0x08000344   0x000000e0   Code   RO         3981    .text               mc_w.l(_scanf_str.o)
    0x08000424   0x08000424   0x0000002c   Code   RO         3998    .text               mc_w.l(uidiv.o)
    0x08000450   0x08000450   0x00000062   Code   RO         4000    .text               mc_w.l(uldiv.o)
    0x080004b2   0x080004b2   0x0000001c   Code   RO         4002    .text               mc_w.l(_chval.o)
    0x080004ce   0x080004ce   0x00000002   PAD
    0x080004d0   0x080004d0   0x00000028   Code   RO         4004    .text               mc_w.l(scanf_char.o)
    0x080004f8   0x080004f8   0x00000040   Code   RO         4006    .text               mc_w.l(_sgetc.o)
    0x08000538   0x08000538   0x00000000   Code   RO         4008    .text               mc_w.l(iusefp.o)
    0x08000538   0x08000538   0x0000014e   Code   RO         4009    .text               mf_w.l(dadd.o)
    0x08000686   0x08000686   0x000000e4   Code   RO         4011    .text               mf_w.l(dmul.o)
    0x0800076a   0x0800076a   0x000000de   Code   RO         4013    .text               mf_w.l(ddiv.o)
    0x08000848   0x08000848   0x00000030   Code   RO         4015    .text               mf_w.l(dfixul.o)
    0x08000878   0x08000878   0x00000030   Code   RO         4017    .text               mf_w.l(cdrcmple.o)
    0x080008a8   0x080008a8   0x00000024   Code   RO         4019    .text               mc_w.l(init.o)
    0x080008cc   0x080008cc   0x0000001e   Code   RO         4021    .text               mc_w.l(llshl.o)
    0x080008ea   0x080008ea   0x00000020   Code   RO         4023    .text               mc_w.l(llushr.o)
    0x0800090a   0x0800090a   0x00000024   Code   RO         4025    .text               mc_w.l(llsshr.o)
    0x0800092e   0x0800092e   0x0000000a   Code   RO         4027    .text               mc_w.l(isspace_c.o)
    0x08000938   0x08000938   0x0000032c   Code   RO         4029    .text               mc_w.l(_scanf.o)
    0x08000c64   0x08000c64   0x000000ba   Code   RO         4031    .text               mf_w.l(depilogue.o)
    0x08000d1e   0x08000d1e   0x00000002   PAD
    0x08000d20   0x08000d20   0x00000028   Code   RO         4033    .text               mc_w.l(ctype_c.o)
    0x08000d48   0x08000d48   0x00000050   Code   RO         3282    i.Aux_Int           lora.o
    0x08000d98   0x08000d98   0x00000004   Code   RO         3189    i.BusFault_Handler  stm32f10x_it.o
    0x08000d9c   0x08000d9c   0x00000002   Code   RO         3190    i.DebugMon_Handler  stm32f10x_it.o
    0x08000d9e   0x08000d9e   0x00000018   Code   RO         3563    i.Delay_ms          delay.o
    0x08000db6   0x08000db6   0x0000002e   Code   RO         3565    i.Delay_us          delay.o
    0x08000de4   0x08000de4   0x00000078   Code   RO         3283    i.EXTI4_IRQHandler  lora.o
    0x08000e5c   0x08000e5c   0x0000000c   Code   RO          939    i.EXTI_ClearITPendingBit  stm32f10x_exti.o
    0x08000e68   0x08000e68   0x00000028   Code   RO          943    i.EXTI_GetITStatus  stm32f10x_exti.o
    0x08000e90   0x08000e90   0x00000094   Code   RO          944    i.EXTI_Init         stm32f10x_exti.o
    0x08000f24   0x08000f24   0x00000040   Code   RO         1289    i.GPIO_EXTILineConfig  stm32f10x_gpio.o
    0x08000f64   0x08000f64   0x00000116   Code   RO         1292    i.GPIO_Init         stm32f10x_gpio.o
    0x0800107a   0x0800107a   0x00000002   PAD
    0x0800107c   0x0800107c   0x00000090   Code   RO         1294    i.GPIO_PinRemapConfig  stm32f10x_gpio.o
    0x0800110c   0x0800110c   0x0000000a   Code   RO         1303    i.GPIO_WriteBit     stm32f10x_gpio.o
    0x08001116   0x08001116   0x00000002   PAD
    0x08001118   0x08001118   0x0000001c   Code   RO         3284    i.Get_Lora_Flage    lora.o
    0x08001134   0x08001134   0x00000034   Code   RO         3632    i.HMISendb          serial.o
    0x08001168   0x08001168   0x00000030   Code   RO         3633    i.HMISends          serial.o
    0x08001198   0x08001198   0x00000004   Code   RO         3191    i.HardFault_Handler  stm32f10x_it.o
    0x0800119c   0x0800119c   0x0000002c   Code   RO         3253    i.LED_GPIO_Config   led.o
    0x080011c8   0x080011c8   0x00000108   Code   RO         3285    i.LoRa_Init         lora.o
    0x080012d0   0x080012d0   0x00000034   Code   RO         3286    i.LoRa_ReceData     lora.o
    0x08001304   0x08001304   0x0000019c   Code   RO         3288    i.Lora_set          lora.o
    0x080014a0   0x080014a0   0x00000004   Code   RO         3192    i.MemManage_Handler  stm32f10x_it.o
    0x080014a4   0x080014a4   0x000000a4   Code   RO         3515    i.My_USART1         my_usart1.o
    0x08001548   0x08001548   0x00000002   Code   RO         3193    i.NMI_Handler       stm32f10x_it.o
    0x0800154a   0x0800154a   0x00000002   PAD
    0x0800154c   0x0800154c   0x00000070   Code   RO          137    i.NVIC_Init         misc.o
    0x080015bc   0x080015bc   0x00000014   Code   RO          138    i.NVIC_PriorityGroupConfig  misc.o
    0x080015d0   0x080015d0   0x0000002a   Code   RO         3345    i.OLED_Clear        oled.o
    0x080015fa   0x080015fa   0x00000002   PAD
    0x080015fc   0x080015fc   0x00000050   Code   RO         3346    i.OLED_I2C_Init     oled.o
    0x0800164c   0x0800164c   0x00000054   Code   RO         3347    i.OLED_I2C_SendByte  oled.o
    0x080016a0   0x080016a0   0x00000034   Code   RO         3348    i.OLED_I2C_Start    oled.o
    0x080016d4   0x080016d4   0x00000028   Code   RO         3349    i.OLED_I2C_Stop     oled.o
    0x080016fc   0x080016fc   0x000000ae   Code   RO         3350    i.OLED_Init         oled.o
    0x080017aa   0x080017aa   0x00000014   Code   RO         3351    i.OLED_Pow          oled.o
    0x080017be   0x080017be   0x00000022   Code   RO         3352    i.OLED_SetCursor    oled.o
    0x080017e0   0x080017e0   0x00000074   Code   RO         3354    i.OLED_ShowChar     oled.o
    0x08001854   0x08001854   0x00000044   Code   RO         3356    i.OLED_ShowNum      oled.o
    0x08001898   0x08001898   0x00000020   Code   RO         3359    i.OLED_WriteCommand  oled.o
    0x080018b8   0x080018b8   0x00000020   Code   RO         3360    i.OLED_WriteData    oled.o
    0x080018d8   0x080018d8   0x00000002   Code   RO         3194    i.PendSV_Handler    stm32f10x_it.o
    0x080018da   0x080018da   0x00000002   PAD
    0x080018dc   0x080018dc   0x00000020   Code   RO         1708    i.RCC_APB1PeriphClockCmd  stm32f10x_rcc.o
    0x080018fc   0x080018fc   0x00000020   Code   RO         1709    i.RCC_APB1PeriphResetCmd  stm32f10x_rcc.o
    0x0800191c   0x0800191c   0x00000020   Code   RO         1710    i.RCC_APB2PeriphClockCmd  stm32f10x_rcc.o
    0x0800193c   0x0800193c   0x00000020   Code   RO         1711    i.RCC_APB2PeriphResetCmd  stm32f10x_rcc.o
    0x0800195c   0x0800195c   0x000000d4   Code   RO         1718    i.RCC_GetClocksFreq  stm32f10x_rcc.o
    0x08001a30   0x08001a30   0x00000002   Code   RO         3195    i.SVC_Handler       stm32f10x_it.o
    0x08001a32   0x08001a32   0x00000002   PAD
    0x08001a34   0x08001a34   0x00000224   Code   RO         3453    i.Send_Data         app.o
    0x08001c58   0x08001c58   0x0000001c   Code   RO         3634    i.Serial_GetRxFlag  serial.o
    0x08001c74   0x08001c74   0x000000b4   Code   RO         3635    i.Serial_Init       serial.o
    0x08001d28   0x08001d28   0x00000008   Code   RO           24    i.SetSysClock       system_stm32f10x.o
    0x08001d30   0x08001d30   0x000000e0   Code   RO           25    i.SetSysClockTo72   system_stm32f10x.o
    0x08001e10   0x08001e10   0x00000002   Code   RO         3196    i.SysTick_Handler   stm32f10x_it.o
    0x08001e12   0x08001e12   0x00000002   PAD
    0x08001e14   0x08001e14   0x00000060   Code   RO           27    i.SystemInit        system_stm32f10x.o
    0x08001e74   0x08001e74   0x00000028   Code   RO         3478    i.TIM2_IRQHandler   time2.o
    0x08001e9c   0x08001e9c   0x00000034   Code   RO         3497    i.TIM3_IRQHandler   time3.o
    0x08001ed0   0x08001ed0   0x00000060   Code   RO         3498    i.TIM3_Init         time3.o
    0x08001f30   0x08001f30   0x00000006   Code   RO         2337    i.TIM_ClearITPendingBit  stm32f10x_tim.o
    0x08001f36   0x08001f36   0x00000018   Code   RO         2342    i.TIM_Cmd           stm32f10x_tim.o
    0x08001f4e   0x08001f4e   0x00000022   Code   RO         2363    i.TIM_GetITStatus   stm32f10x_tim.o
    0x08001f70   0x08001f70   0x00000012   Code   RO         2367    i.TIM_ITConfig      stm32f10x_tim.o
    0x08001f82   0x08001f82   0x00000004   Code   RO         2407    i.TIM_SetCounter    stm32f10x_tim.o
    0x08001f86   0x08001f86   0x00000002   PAD
    0x08001f88   0x08001f88   0x000000a4   Code   RO         2413    i.TIM_TimeBaseInit  stm32f10x_tim.o
    0x0800202c   0x0800202c   0x00000024   Code   RO         3516    i.USART1_IRQHandler  my_usart1.o
    0x08002050   0x08002050   0x00000094   Code   RO         3641    i.USART2_IRQHandler  serial.o
    0x080020e4   0x080020e4   0x00000078   Code   RO         3587    i.USART3_IRQHandler  usart3.o
    0x0800215c   0x0800215c   0x0000001e   Code   RO         2875    i.USART_ClearITPendingBit  stm32f10x_usart.o
    0x0800217a   0x0800217a   0x00000018   Code   RO         2878    i.USART_Cmd         stm32f10x_usart.o
    0x08002192   0x08002192   0x00000002   PAD
    0x08002194   0x08002194   0x0000009c   Code   RO         2880    i.USART_DeInit      stm32f10x_usart.o
    0x08002230   0x08002230   0x0000001a   Code   RO         2881    i.USART_GetFlagStatus  stm32f10x_usart.o
    0x0800224a   0x0800224a   0x00000054   Code   RO         2882    i.USART_GetITStatus  stm32f10x_usart.o
    0x0800229e   0x0800229e   0x0000004a   Code   RO         2884    i.USART_ITConfig    stm32f10x_usart.o
    0x080022e8   0x080022e8   0x000000d8   Code   RO         2885    i.USART_Init        stm32f10x_usart.o
    0x080023c0   0x080023c0   0x0000000a   Code   RO         2892    i.USART_ReceiveData  stm32f10x_usart.o
    0x080023ca   0x080023ca   0x0000001c   Code   RO         3518    i.USART_SendByte    my_usart1.o
    0x080023e6   0x080023e6   0x00000008   Code   RO         2895    i.USART_SendData    stm32f10x_usart.o
    0x080023ee   0x080023ee   0x00000004   Code   RO         3197    i.UsageFault_Handler  stm32f10x_it.o
    0x080023f2   0x080023f2   0x00000002   PAD
    0x080023f4   0x080023f4   0x00000020   Code   RO         3949    i.__0printf         mc_w.l(printfa.o)
    0x08002414   0x08002414   0x00000028   Code   RO         3951    i.__0sprintf        mc_w.l(printfa.o)
    0x0800243c   0x0800243c   0x00000024   Code   RO         3955    i.__0vsprintf       mc_w.l(printfa.o)
    0x08002460   0x08002460   0x0000000e   Code   RO         4038    i.__scatterload_copy  mc_w.l(handlers.o)
    0x0800246e   0x0800246e   0x00000002   Code   RO         4039    i.__scatterload_null  mc_w.l(handlers.o)
    0x08002470   0x08002470   0x0000000e   Code   RO         4040    i.__scatterload_zeroinit  mc_w.l(handlers.o)
    0x0800247e   0x0800247e   0x00000002   PAD
    0x08002480   0x08002480   0x00000184   Code   RO         3956    i._fp_digits        mc_w.l(printfa.o)
    0x08002604   0x08002604   0x000006dc   Code   RO         3957    i._printf_core      mc_w.l(printfa.o)
    0x08002ce0   0x08002ce0   0x00000024   Code   RO         3958    i._printf_post_padding  mc_w.l(printfa.o)
    0x08002d04   0x08002d04   0x0000002e   Code   RO         3959    i._printf_pre_padding  mc_w.l(printfa.o)
    0x08002d32   0x08002d32   0x0000000a   Code   RO         3961    i._sputc            mc_w.l(printfa.o)
    0x08002d3c   0x08002d3c   0x00000024   Code   RO         3521    i.fputc             my_usart1.o
    0x08002d60   0x08002d60   0x00000034   Code   RO         3289    i.lora_check_cmd    lora.o
    0x08002d94   0x08002d94   0x00000080   Code   RO         3290    i.lora_send_cmd     lora.o
    0x08002e14   0x08002e14   0x000000f0   Code   RO         3108    i.main              main.o
    0x08002f04   0x08002f04   0x00000040   Code   RO         3109    i.parseString       main.o
    0x08002f44   0x08002f44   0x00000050   Code   RO         3588    i.u3_printf         usart3.o
    0x08002f94   0x08002f94   0x000000c8   Code   RO         3589    i.usart3_init       usart3.o
    0x0800305c   0x0800305c   0x00000038   Code   RO         3590    i.usart3_rx         usart3.o
    0x08003094   0x08003094   0x000005f0   Data   RO         3361    .constdata          oled.o
    0x08003684   0x08003684   0x00000040   Data   RO         4034    .constdata          mc_w.l(ctype_c.o)
    0x080036c4   0x080036c4   0x00000042   Data   RO         3454    .conststring        app.o
    0x08003706   0x08003706   0x00000002   PAD
    0x08003708   0x08003708   0x00000020   Data   RO         4036    Region$$Table       anon$$obj.o


    Execution Region RW_IRAM1 (Exec base: 0x20000000, Load base: 0x08003728, Size: 0x00000ad0, Max: 0x00002800, ABSOLUTE)

    Exec Addr    Load Addr    Size         Type   Attr      Idx    E Section Name        Object

    0x20000000   0x08003728   0x00000014   Data   RW         1738    .data               stm32f10x_rcc.o
    0x20000014   0x0800373c   0x00000006   Data   RW         3110    .data               main.o
    0x2000001a   0x08003742   0x00000002   PAD
    0x2000001c   0x08003744   0x00000011   Data   RW         3291    .data               lora.o
    0x2000002d   0x08003755   0x00000003   PAD
    0x20000030   0x08003758   0x0000001f   Data   RW         3455    .data               app.o
    0x2000004f   0x08003777   0x00000001   Data   RW         3480    .data               time2.o
    0x20000050   0x08003778   0x00000002   Data   RW         3592    .data               usart3.o
    0x20000052   0x0800377a   0x0000000c   Data   RW         3642    .data               serial.o
    0x2000005e   0x08003786   0x00000002   PAD
    0x20000060   0x08003788   0x00000004   Data   RW         3711    .data               mc_w.l(strtok.o)
    0x20000064   0x0800378c   0x00000004   Data   RW         3997    .data               mc_w.l(stdout.o)
    0x20000068        -       0x00000668   Zero   RW         3591    .bss                usart3.o
    0x200006d0        -       0x00000400   Zero   RW            1    STACK               startup_stm32f10x_md.o


==============================================================================

Image component sizes


      Code (inc. data)   RO Data    RW Data    ZI Data      Debug   Object Name

       548         50         66         31          0       1462   app.o
         0          0          0          0          0       4500   core_cm3.o
        70          0          0          0          0        914   delay.o
        44          6          0          0          0        462   led.o
      1136        326          0         17          0       5188   lora.o
       304         92          0          6          0       3231   main.o
       132         22          0          0          0       1459   misc.o
       264         16          0          0          0       2449   my_usart1.o
       774         22       1520          0          0       6822   oled.o
       456         44          0         12          0       3467   serial.o
        36          8        236          0       1024        832   startup_stm32f10x_md.o
       200         18          0          0          0       2008   stm32f10x_exti.o
       496         10          0          0          0       3868   stm32f10x_gpio.o
        26          0          0          0          0       3758   stm32f10x_it.o
       340         44          0         20          0       5424   stm32f10x_rcc.o
       250         42          0          0          0       3915   stm32f10x_tim.o
       628         28          0          0          0       7162   stm32f10x_usart.o
       328         28          0          0          0     250933   system_stm32f10x.o
        40          4          0          1          0        462   time2.o
       148         16          0          0          0       1058   time3.o
       456         60          0          2       1640       3466   usart3.o

    ----------------------------------------------------------------------
      6696        836       1856         96       2664     312840   Object Totals
         0          0         32          0          0          0   (incl. Generated)
        20          0          2          7          0          0   (incl. Padding)

    ----------------------------------------------------------------------

      Code (inc. data)   RO Data    RW Data    ZI Data      Debug   Library Member Name

        56          8          0          0          0         84   __0sscanf.o
        28          0          0          0          0         68   _chval.o
       812          4          0          0          0        112   _scanf.o
       332          0          0          0          0         96   _scanf_int.o
       224          0          0          0          0         96   _scanf_str.o
        64          0          0          0          0         84   _sgetc.o
        40          6         64          0          0         68   ctype_c.o
         0          0          0          0          0          0   entry.o
         0          0          0          0          0          0   entry10a.o
         0          0          0          0          0          0   entry11a.o
         8          4          0          0          0          0   entry2.o
         4          0          0          0          0          0   entry5.o
         0          0          0          0          0          0   entry7b.o
         0          0          0          0          0          0   entry8b.o
         8          4          0          0          0          0   entry9a.o
        30          0          0          0          0          0   handlers.o
        36          8          0          0          0         68   init.o
        10          0          0          0          0         68   isspace_c.o
         0          0          0          0          0          0   iusefp.o
        30          0          0          0          0         68   llshl.o
        36          0          0          0          0         68   llsshr.o
        32          0          0          0          0         68   llushr.o
        36          0          0          0          0        108   memseta.o
      2344        102          0          0          0        684   printfa.o
        40          8          0          0          0         84   scanf_char.o
         0          0          0          4          0          0   stdout.o
        14          0          0          0          0         68   strlen.o
        36          0          0          0          0         80   strstr.o
        68          6          0          4          0         80   strtok.o
        44          0          0          0          0         80   uidiv.o
        98          0          0          0          0         92   uldiv.o
        48          0          0          0          0         68   cdrcmple.o
       334          0          0          0          0        148   dadd.o
       222          0          0          0          0        100   ddiv.o
       186          0          0          0          0        176   depilogue.o
        48          0          0          0          0         68   dfixul.o
       228          0          0          0          0         96   dmul.o

    ----------------------------------------------------------------------
      5504        150         64          8          0       2880   Library Totals
         8          0          0          0          0          0   (incl. Padding)

    ----------------------------------------------------------------------

      Code (inc. data)   RO Data    RW Data    ZI Data      Debug   Library Name

      4430        150         64          8          0       2224   mc_w.l
      1066          0          0          0          0        656   mf_w.l

    ----------------------------------------------------------------------
      5504        150         64          8          0       2880   Library Totals

    ----------------------------------------------------------------------

==============================================================================


      Code (inc. data)   RO Data    RW Data    ZI Data      Debug   

     12200        986       1920        104       2664     310152   Grand Totals
     12200        986       1920        104       2664     310152   ELF Image Totals
     12200        986       1920        104          0          0   ROM Totals

==============================================================================

    Total RO  Size (Code + RO Data)                14120 (  13.79kB)
    Total RW  Size (RW Data + ZI Data)              2768 (   2.70kB)
    Total ROM Size (Code + RO Data + RW Data)      14224 (  13.89kB)

==============================================================================

